Archive member included to satisfy reference by file (symbol)

c:/ac6/systemworkbench/plugins/fr.ac6.mcu.externaltools.arm-none.win32_1.15.0.201708311556/tools/compiler/bin/../lib/gcc/arm-none-eabi/6.3.1/../../../../arm-none-eabi/lib/thumb/v7e-m/fpv4-sp/hard\libstdc++_nano.a(new_op.o)
                              AudioLoop/User/main.o (operator new(unsigned int))
c:/ac6/systemworkbench/plugins/fr.ac6.mcu.externaltools.arm-none.win32_1.15.0.201708311556/tools/compiler/bin/../lib/gcc/arm-none-eabi/6.3.1/../../../../arm-none-eabi/lib/thumb/v7e-m/fpv4-sp/hard\libstdc++_nano.a(new_opv.o)
                              AudioLoop/User/kws_SensorTile.o (operator new[](unsigned int))
c:/ac6/systemworkbench/plugins/fr.ac6.mcu.externaltools.arm-none.win32_1.15.0.201708311556/tools/compiler/bin/../lib/gcc/arm-none-eabi/6.3.1/../../../../arm-none-eabi/lib/thumb/v7e-m/fpv4-sp/hard\libstdc++_nano.a(del_opv.o)
                              MLKWS/MFCC/mfcc.o (operator delete[](void*))
c:/ac6/systemworkbench/plugins/fr.ac6.mcu.externaltools.arm-none.win32_1.15.0.201708311556/tools/compiler/bin/../lib/gcc/arm-none-eabi/6.3.1/../../../../arm-none-eabi/lib/thumb/v7e-m/fpv4-sp/hard\libstdc++_nano.a(del_ops.o)
                              AudioLoop/User/kws_SensorTile.o (operator delete(void*, unsigned int))
c:/ac6/systemworkbench/plugins/fr.ac6.mcu.externaltools.arm-none.win32_1.15.0.201708311556/tools/compiler/bin/../lib/gcc/arm-none-eabi/6.3.1/../../../../arm-none-eabi/lib/thumb/v7e-m/fpv4-sp/hard\libstdc++_nano.a(new_handler.o)
                              c:/ac6/systemworkbench/plugins/fr.ac6.mcu.externaltools.arm-none.win32_1.15.0.201708311556/tools/compiler/bin/../lib/gcc/arm-none-eabi/6.3.1/../../../../arm-none-eabi/lib/thumb/v7e-m/fpv4-sp/hard\libstdc++_nano.a(new_op.o) (std::get_new_handler())
c:/ac6/systemworkbench/plugins/fr.ac6.mcu.externaltools.arm-none.win32_1.15.0.201708311556/tools/compiler/bin/../lib/gcc/arm-none-eabi/6.3.1/../../../../arm-none-eabi/lib/thumb/v7e-m/fpv4-sp/hard\libstdc++_nano.a(del_op.o)
                              c:/ac6/systemworkbench/plugins/fr.ac6.mcu.externaltools.arm-none.win32_1.15.0.201708311556/tools/compiler/bin/../lib/gcc/arm-none-eabi/6.3.1/../../../../arm-none-eabi/lib/thumb/v7e-m/fpv4-sp/hard\libstdc++_nano.a(del_opv.o) (operator delete(void*))
c:/ac6/systemworkbench/plugins/fr.ac6.mcu.externaltools.arm-none.win32_1.15.0.201708311556/tools/compiler/bin/../lib/gcc/arm-none-eabi/6.3.1/../../../../arm-none-eabi/lib/thumb/v7e-m/fpv4-sp/hard\libstdc++_nano.a(pure.o)
                              MLKWS/NN/nn.o (__cxa_pure_virtual)
c:/ac6/systemworkbench/plugins/fr.ac6.mcu.externaltools.arm-none.win32_1.15.0.201708311556/tools/compiler/bin/../lib/gcc/arm-none-eabi/6.3.1/../../../../arm-none-eabi/lib/thumb/v7e-m/fpv4-sp/hard\libstdc++_nano.a(eh_terminate.o)
                              c:/ac6/systemworkbench/plugins/fr.ac6.mcu.externaltools.arm-none.win32_1.15.0.201708311556/tools/compiler/bin/../lib/gcc/arm-none-eabi/6.3.1/../../../../arm-none-eabi/lib/thumb/v7e-m/fpv4-sp/hard\libstdc++_nano.a(pure.o) (std::terminate())
c:/ac6/systemworkbench/plugins/fr.ac6.mcu.externaltools.arm-none.win32_1.15.0.201708311556/tools/compiler/bin/../lib/gcc/arm-none-eabi/6.3.1/../../../../arm-none-eabi/lib/thumb/v7e-m/fpv4-sp/hard\libstdc++_nano.a(eh_term_handler.o)
                              c:/ac6/systemworkbench/plugins/fr.ac6.mcu.externaltools.arm-none.win32_1.15.0.201708311556/tools/compiler/bin/../lib/gcc/arm-none-eabi/6.3.1/../../../../arm-none-eabi/lib/thumb/v7e-m/fpv4-sp/hard\libstdc++_nano.a(eh_terminate.o) (__cxxabiv1::__terminate_handler)
c:/ac6/systemworkbench/plugins/fr.ac6.mcu.externaltools.arm-none.win32_1.15.0.201708311556/tools/compiler/bin/../lib/gcc/arm-none-eabi/6.3.1/../../../../arm-none-eabi/lib/thumb/v7e-m/fpv4-sp/hard\libstdc++_nano.a(eh_unex_handler.o)
                              c:/ac6/systemworkbench/plugins/fr.ac6.mcu.externaltools.arm-none.win32_1.15.0.201708311556/tools/compiler/bin/../lib/gcc/arm-none-eabi/6.3.1/../../../../arm-none-eabi/lib/thumb/v7e-m/fpv4-sp/hard\libstdc++_nano.a(eh_terminate.o) (__cxxabiv1::__unexpected_handler)
c:/ac6/systemworkbench/plugins/fr.ac6.mcu.externaltools.arm-none.win32_1.15.0.201708311556/tools/compiler/bin/../lib/gcc/arm-none-eabi/6.3.1/../../../../arm-none-eabi/lib/thumb/v7e-m/fpv4-sp/hard\libm.a(lib_a-s_ceil.o)
                              MLKWS/MFCC/mfcc.o (ceil)
c:/ac6/systemworkbench/plugins/fr.ac6.mcu.externaltools.arm-none.win32_1.15.0.201708311556/tools/compiler/bin/../lib/gcc/arm-none-eabi/6.3.1/../../../../arm-none-eabi/lib/thumb/v7e-m/fpv4-sp/hard\libm.a(lib_a-s_cos.o)
                              MLKWS/MFCC/mfcc.o (cos)
c:/ac6/systemworkbench/plugins/fr.ac6.mcu.externaltools.arm-none.win32_1.15.0.201708311556/tools/compiler/bin/../lib/gcc/arm-none-eabi/6.3.1/../../../../arm-none-eabi/lib/thumb/v7e-m/fpv4-sp/hard\libm.a(lib_a-sf_round.o)
                              MLKWS/MFCC/mfcc.o (roundf)
[...]
Memory Configuration

Name             Origin             Length             Attributes
FLASH            0x08000000         0x00080000         xr
RAM              0x20000000         0x00018000         xrw
SRAM2            0x10000000         0x00008000         xrw
*default*        0x00000000         0xffffffff

Linker script and memory map

LOAD c:/ac6/systemworkbench/plugins/fr.ac6.mcu.externaltools.arm-none.win32_1.15.0.201708311556/tools/compiler/bin/../lib/gcc/arm-none-eabi/6.3.1/thumb/v7e-m/fpv4-sp/hard/crti.o
LOAD c:/ac6/systemworkbench/plugins/fr.ac6.mcu.externaltools.arm-none.win32_1.15.0.201708311556/tools/compiler/bin/../lib/gcc/arm-none-eabi/6.3.1/thumb/v7e-m/fpv4-sp/hard/crtbegin.o
LOAD c:/ac6/systemworkbench/plugins/fr.ac6.mcu.externaltools.arm-none.win32_1.15.0.201708311556/tools/compiler/bin/../lib/gcc/arm-none-eabi/6.3.1/../../../../arm-none-eabi/lib/thumb/v7e-m/fpv4-sp/hard/crt0.o
LOAD AudioLoop/SW4STM32/startup_stm32l476xx.o
LOAD AudioLoop/User/cube_hal_l4.o
LOAD AudioLoop/User/kws_SensorTile.o
LOAD AudioLoop/User/main.o
LOAD AudioLoop/User/stm32l4xx_hal_msp.o
LOAD AudioLoop/User/stm32l4xx_it.o
LOAD AudioLoop/User/syscalls.o
LOAD AudioLoop/User/usbd_cdc_interface.o
LOAD AudioLoop/User/usbd_conf.o
LOAD AudioLoop/User/usbd_desc.o
LOAD CMSIS/DSP/BasicMathFunctions/arm_abs_f32.o
LOAD CMSIS/DSP/BasicMathFunctions/arm_abs_q15.o
LOAD CMSIS/DSP/BasicMathFunctions/arm_abs_q31.o
LOAD CMSIS/DSP/BasicMathFunctions/arm_abs_q7.o
LOAD CMSIS/DSP/BasicMathFunctions/arm_add_f32.o
LOAD CMSIS/DSP/BasicMathFunctions/arm_add_q15.o
LOAD CMSIS/DSP/BasicMathFunctions/arm_add_q31.o
LOAD CMSIS/DSP/BasicMathFunctions/arm_add_q7.o
LOAD CMSIS/DSP/BasicMathFunctions/arm_dot_prod_f32.o
LOAD CMSIS/DSP/BasicMathFunctions/arm_dot_prod_q15.o
LOAD CMSIS/DSP/BasicMathFunctions/arm_dot_prod_q31.o
LOAD CMSIS/DSP/BasicMathFunctions/arm_dot_prod_q7.o
LOAD CMSIS/DSP/BasicMathFunctions/arm_mult_f32.o
LOAD CMSIS/DSP/BasicMathFunctions/arm_mult_q15.o
LOAD CMSIS/DSP/BasicMathFunctions/arm_mult_q31.o
LOAD CMSIS/DSP/BasicMathFunctions/arm_mult_q7.o
LOAD CMSIS/DSP/BasicMathFunctions/arm_negate_f32.o
LOAD CMSIS/DSP/BasicMathFunctions/arm_negate_q15.o
LOAD CMSIS/DSP/BasicMathFunctions/arm_negate_q31.o
LOAD CMSIS/DSP/BasicMathFunctions/arm_negate_q7.o
LOAD CMSIS/DSP/BasicMathFunctions/arm_offset_f32.o
LOAD CMSIS/DSP/BasicMathFunctions/arm_offset_q15.o
LOAD CMSIS/DSP/BasicMathFunctions/arm_offset_q31.o
LOAD CMSIS/DSP/BasicMathFunctions/arm_offset_q7.o
LOAD CMSIS/DSP/BasicMathFunctions/arm_scale_f32.o
LOAD CMSIS/DSP/BasicMathFunctions/arm_scale_q15.o
LOAD CMSIS/DSP/BasicMathFunctions/arm_scale_q31.o
LOAD CMSIS/DSP/BasicMathFunctions/arm_scale_q7.o
LOAD CMSIS/DSP/BasicMathFunctions/arm_shift_q15.o
LOAD CMSIS/DSP/BasicMathFunctions/arm_shift_q31.o
LOAD CMSIS/DSP/BasicMathFunctions/arm_shift_q7.o
LOAD CMSIS/DSP/BasicMathFunctions/arm_sub_f32.o
LOAD CMSIS/DSP/BasicMathFunctions/arm_sub_q15.o
LOAD CMSIS/DSP/BasicMathFunctions/arm_sub_q31.o
LOAD CMSIS/DSP/BasicMathFunctions/arm_sub_q7.o
LOAD CMSIS/DSP/CommonTables/arm_common_tables.o
LOAD CMSIS/DSP/CommonTables/arm_const_structs.o
LOAD CMSIS/DSP/ComplexMathFunctions/arm_cmplx_conj_f32.o
LOAD CMSIS/DSP/ComplexMathFunctions/arm_cmplx_conj_q15.o
LOAD CMSIS/DSP/ComplexMathFunctions/arm_cmplx_conj_q31.o
LOAD CMSIS/DSP/ComplexMathFunctions/arm_cmplx_dot_prod_f32.o
LOAD CMSIS/DSP/ComplexMathFunctions/arm_cmplx_dot_prod_q15.o
LOAD CMSIS/DSP/ComplexMathFunctions/arm_cmplx_dot_prod_q31.o
LOAD CMSIS/DSP/ComplexMathFunctions/arm_cmplx_mag_f32.o
LOAD CMSIS/DSP/ComplexMathFunctions/arm_cmplx_mag_q15.o
LOAD CMSIS/DSP/ComplexMathFunctions/arm_cmplx_mag_q31.o
LOAD CMSIS/DSP/ComplexMathFunctions/arm_cmplx_mag_squared_f32.o
LOAD CMSIS/DSP/ComplexMathFunctions/arm_cmplx_mag_squared_q15.o
LOAD CMSIS/DSP/ComplexMathFunctions/arm_cmplx_mag_squared_q31.o
LOAD CMSIS/DSP/ComplexMathFunctions/arm_cmplx_mult_cmplx_f32.o
LOAD CMSIS/DSP/ComplexMathFunctions/arm_cmplx_mult_cmplx_q15.o
LOAD CMSIS/DSP/ComplexMathFunctions/arm_cmplx_mult_cmplx_q31.o
LOAD CMSIS/DSP/ComplexMathFunctions/arm_cmplx_mult_real_f32.o
LOAD CMSIS/DSP/ComplexMathFunctions/arm_cmplx_mult_real_q15.o
LOAD CMSIS/DSP/ComplexMathFunctions/arm_cmplx_mult_real_q31.o
LOAD CMSIS/DSP/ControllerFunctions/arm_pid_init_f32.o
LOAD CMSIS/DSP/ControllerFunctions/arm_pid_init_q15.o
LOAD CMSIS/DSP/ControllerFunctions/arm_pid_init_q31.o
LOAD CMSIS/DSP/ControllerFunctions/arm_pid_reset_f32.o
LOAD CMSIS/DSP/ControllerFunctions/arm_pid_reset_q15.o
LOAD CMSIS/DSP/ControllerFunctions/arm_pid_reset_q31.o
LOAD CMSIS/DSP/ControllerFunctions/arm_sin_cos_f32.o
LOAD CMSIS/DSP/ControllerFunctions/arm_sin_cos_q31.o
LOAD CMSIS/DSP/FastMathFunctions/arm_cos_f32.o
LOAD CMSIS/DSP/FastMathFunctions/arm_cos_q15.o
LOAD CMSIS/DSP/FastMathFunctions/arm_cos_q31.o
LOAD CMSIS/DSP/FastMathFunctions/arm_sin_f32.o
LOAD CMSIS/DSP/FastMathFunctions/arm_sin_q15.o
LOAD CMSIS/DSP/FastMathFunctions/arm_sin_q31.o
LOAD CMSIS/DSP/FastMathFunctions/arm_sqrt_q15.o
LOAD CMSIS/DSP/FastMathFunctions/arm_sqrt_q31.o
LOAD CMSIS/DSP/FilteringFunctions/arm_biquad_cascade_df1_32x64_init_q31.o
LOAD CMSIS/DSP/FilteringFunctions/arm_biquad_cascade_df1_32x64_q31.o
LOAD CMSIS/DSP/FilteringFunctions/arm_biquad_cascade_df1_f32.o
LOAD CMSIS/DSP/FilteringFunctions/arm_biquad_cascade_df1_fast_q15.o
LOAD CMSIS/DSP/FilteringFunctions/arm_biquad_cascade_df1_fast_q31.o
LOAD CMSIS/DSP/FilteringFunctions/arm_biquad_cascade_df1_init_f32.o
LOAD CMSIS/DSP/FilteringFunctions/arm_biquad_cascade_df1_init_q15.o
LOAD CMSIS/DSP/FilteringFunctions/arm_biquad_cascade_df1_init_q31.o
LOAD CMSIS/DSP/FilteringFunctions/arm_biquad_cascade_df1_q15.o
LOAD CMSIS/DSP/FilteringFunctions/arm_biquad_cascade_df1_q31.o
LOAD CMSIS/DSP/FilteringFunctions/arm_biquad_cascade_df2T_f32.o
LOAD CMSIS/DSP/FilteringFunctions/arm_biquad_cascade_df2T_f64.o
LOAD CMSIS/DSP/FilteringFunctions/arm_biquad_cascade_df2T_init_f32.o
LOAD CMSIS/DSP/FilteringFunctions/arm_biquad_cascade_df2T_init_f64.o
LOAD CMSIS/DSP/FilteringFunctions/arm_biquad_cascade_stereo_df2T_f32.o
LOAD CMSIS/DSP/FilteringFunctions/arm_biquad_cascade_stereo_df2T_init_f32.o
LOAD CMSIS/DSP/FilteringFunctions/arm_conv_f32.o
LOAD CMSIS/DSP/FilteringFunctions/arm_conv_fast_opt_q15.o
LOAD CMSIS/DSP/FilteringFunctions/arm_conv_fast_q15.o
LOAD CMSIS/DSP/FilteringFunctions/arm_conv_fast_q31.o
LOAD CMSIS/DSP/FilteringFunctions/arm_conv_opt_q15.o
LOAD CMSIS/DSP/FilteringFunctions/arm_conv_opt_q7.o
LOAD CMSIS/DSP/FilteringFunctions/arm_conv_partial_f32.o
LOAD CMSIS/DSP/FilteringFunctions/arm_conv_partial_fast_opt_q15.o
LOAD CMSIS/DSP/FilteringFunctions/arm_conv_partial_fast_q15.o
LOAD CMSIS/DSP/FilteringFunctions/arm_conv_partial_fast_q31.o
LOAD CMSIS/DSP/FilteringFunctions/arm_conv_partial_opt_q15.o
LOAD CMSIS/DSP/FilteringFunctions/arm_conv_partial_opt_q7.o
LOAD CMSIS/DSP/FilteringFunctions/arm_conv_partial_q15.o
LOAD CMSIS/DSP/FilteringFunctions/arm_conv_partial_q31.o
LOAD CMSIS/DSP/FilteringFunctions/arm_conv_partial_q7.o
LOAD CMSIS/DSP/FilteringFunctions/arm_conv_q15.o
LOAD CMSIS/DSP/FilteringFunctions/arm_conv_q31.o
LOAD CMSIS/DSP/FilteringFunctions/arm_conv_q7.o
LOAD CMSIS/DSP/FilteringFunctions/arm_correlate_f32.o
LOAD CMSIS/DSP/FilteringFunctions/arm_correlate_fast_opt_q15.o
LOAD CMSIS/DSP/FilteringFunctions/arm_correlate_fast_q15.o
LOAD CMSIS/DSP/FilteringFunctions/arm_correlate_fast_q31.o
LOAD CMSIS/DSP/FilteringFunctions/arm_correlate_opt_q15.o
LOAD CMSIS/DSP/FilteringFunctions/arm_correlate_opt_q7.o
LOAD CMSIS/DSP/FilteringFunctions/arm_correlate_q15.o
LOAD CMSIS/DSP/FilteringFunctions/arm_correlate_q31.o
LOAD CMSIS/DSP/FilteringFunctions/arm_correlate_q7.o
LOAD CMSIS/DSP/FilteringFunctions/arm_fir_decimate_f32.o
LOAD CMSIS/DSP/FilteringFunctions/arm_fir_decimate_fast_q15.o
LOAD CMSIS/DSP/FilteringFunctions/arm_fir_decimate_fast_q31.o
LOAD CMSIS/DSP/FilteringFunctions/arm_fir_decimate_init_f32.o
LOAD CMSIS/DSP/FilteringFunctions/arm_fir_decimate_init_q15.o
LOAD CMSIS/DSP/FilteringFunctions/arm_fir_decimate_init_q31.o
LOAD CMSIS/DSP/FilteringFunctions/arm_fir_decimate_q15.o
LOAD CMSIS/DSP/FilteringFunctions/arm_fir_decimate_q31.o
LOAD CMSIS/DSP/FilteringFunctions/arm_fir_f32.o
LOAD CMSIS/DSP/FilteringFunctions/arm_fir_fast_q15.o
LOAD CMSIS/DSP/FilteringFunctions/arm_fir_fast_q31.o
LOAD CMSIS/DSP/FilteringFunctions/arm_fir_init_f32.o
LOAD CMSIS/DSP/FilteringFunctions/arm_fir_init_q15.o
LOAD CMSIS/DSP/FilteringFunctions/arm_fir_init_q31.o
LOAD CMSIS/DSP/FilteringFunctions/arm_fir_init_q7.o
LOAD CMSIS/DSP/FilteringFunctions/arm_fir_interpolate_f32.o
LOAD CMSIS/DSP/FilteringFunctions/arm_fir_interpolate_init_f32.o
LOAD CMSIS/DSP/FilteringFunctions/arm_fir_interpolate_init_q15.o
LOAD CMSIS/DSP/FilteringFunctions/arm_fir_interpolate_init_q31.o
LOAD CMSIS/DSP/FilteringFunctions/arm_fir_interpolate_q15.o
LOAD CMSIS/DSP/FilteringFunctions/arm_fir_interpolate_q31.o
LOAD CMSIS/DSP/FilteringFunctions/arm_fir_lattice_f32.o
LOAD CMSIS/DSP/FilteringFunctions/arm_fir_lattice_init_f32.o
LOAD CMSIS/DSP/FilteringFunctions/arm_fir_lattice_init_q15.o
LOAD CMSIS/DSP/FilteringFunctions/arm_fir_lattice_init_q31.o
LOAD CMSIS/DSP/FilteringFunctions/arm_fir_lattice_q15.o
LOAD CMSIS/DSP/FilteringFunctions/arm_fir_lattice_q31.o
LOAD CMSIS/DSP/FilteringFunctions/arm_fir_q15.o
LOAD CMSIS/DSP/FilteringFunctions/arm_fir_q31.o
LOAD CMSIS/DSP/FilteringFunctions/arm_fir_q7.o
LOAD CMSIS/DSP/FilteringFunctions/arm_fir_sparse_f32.o
LOAD CMSIS/DSP/FilteringFunctions/arm_fir_sparse_init_f32.o
LOAD CMSIS/DSP/FilteringFunctions/arm_fir_sparse_init_q15.o
LOAD CMSIS/DSP/FilteringFunctions/arm_fir_sparse_init_q31.o
LOAD CMSIS/DSP/FilteringFunctions/arm_fir_sparse_init_q7.o
LOAD CMSIS/DSP/FilteringFunctions/arm_fir_sparse_q15.o
LOAD CMSIS/DSP/FilteringFunctions/arm_fir_sparse_q31.o
LOAD CMSIS/DSP/FilteringFunctions/arm_fir_sparse_q7.o
LOAD CMSIS/DSP/FilteringFunctions/arm_iir_lattice_f32.o
LOAD CMSIS/DSP/FilteringFunctions/arm_iir_lattice_init_f32.o
LOAD CMSIS/DSP/FilteringFunctions/arm_iir_lattice_init_q15.o
LOAD CMSIS/DSP/FilteringFunctions/arm_iir_lattice_init_q31.o
LOAD CMSIS/DSP/FilteringFunctions/arm_iir_lattice_q15.o
LOAD CMSIS/DSP/FilteringFunctions/arm_iir_lattice_q31.o
LOAD CMSIS/DSP/FilteringFunctions/arm_lms_f32.o
LOAD CMSIS/DSP/FilteringFunctions/arm_lms_init_f32.o
LOAD CMSIS/DSP/FilteringFunctions/arm_lms_init_q15.o
LOAD CMSIS/DSP/FilteringFunctions/arm_lms_init_q31.o
LOAD CMSIS/DSP/FilteringFunctions/arm_lms_norm_f32.o
LOAD CMSIS/DSP/FilteringFunctions/arm_lms_norm_init_f32.o
LOAD CMSIS/DSP/FilteringFunctions/arm_lms_norm_init_q15.o
LOAD CMSIS/DSP/FilteringFunctions/arm_lms_norm_init_q31.o
LOAD CMSIS/DSP/FilteringFunctions/arm_lms_norm_q15.o
LOAD CMSIS/DSP/FilteringFunctions/arm_lms_norm_q31.o
LOAD CMSIS/DSP/FilteringFunctions/arm_lms_q15.o
LOAD CMSIS/DSP/FilteringFunctions/arm_lms_q31.o
LOAD CMSIS/DSP/MatrixFunctions/arm_mat_add_f32.o
LOAD CMSIS/DSP/MatrixFunctions/arm_mat_add_q15.o
LOAD CMSIS/DSP/MatrixFunctions/arm_mat_add_q31.o
LOAD CMSIS/DSP/MatrixFunctions/arm_mat_cmplx_mult_f32.o
LOAD CMSIS/DSP/MatrixFunctions/arm_mat_cmplx_mult_q15.o
LOAD CMSIS/DSP/MatrixFunctions/arm_mat_cmplx_mult_q31.o
LOAD CMSIS/DSP/MatrixFunctions/arm_mat_init_f32.o
LOAD CMSIS/DSP/MatrixFunctions/arm_mat_init_q15.o
LOAD CMSIS/DSP/MatrixFunctions/arm_mat_init_q31.o
LOAD CMSIS/DSP/MatrixFunctions/arm_mat_inverse_f32.o
LOAD CMSIS/DSP/MatrixFunctions/arm_mat_inverse_f64.o
LOAD CMSIS/DSP/MatrixFunctions/arm_mat_mult_f32.o
LOAD CMSIS/DSP/MatrixFunctions/arm_mat_mult_fast_q15.o
LOAD CMSIS/DSP/MatrixFunctions/arm_mat_mult_fast_q31.o
LOAD CMSIS/DSP/MatrixFunctions/arm_mat_mult_q15.o
LOAD CMSIS/DSP/MatrixFunctions/arm_mat_mult_q31.o
LOAD CMSIS/DSP/MatrixFunctions/arm_mat_scale_f32.o
LOAD CMSIS/DSP/MatrixFunctions/arm_mat_scale_q15.o
LOAD CMSIS/DSP/MatrixFunctions/arm_mat_scale_q31.o
LOAD CMSIS/DSP/MatrixFunctions/arm_mat_sub_f32.o
LOAD CMSIS/DSP/MatrixFunctions/arm_mat_sub_q15.o
LOAD CMSIS/DSP/MatrixFunctions/arm_mat_sub_q31.o
LOAD CMSIS/DSP/MatrixFunctions/arm_mat_trans_f32.o
LOAD CMSIS/DSP/MatrixFunctions/arm_mat_trans_q15.o
LOAD CMSIS/DSP/MatrixFunctions/arm_mat_trans_q31.o
LOAD CMSIS/DSP/StatisticsFunctions/arm_max_f32.o
LOAD CMSIS/DSP/StatisticsFunctions/arm_max_q15.o
LOAD CMSIS/DSP/StatisticsFunctions/arm_max_q31.o
LOAD CMSIS/DSP/StatisticsFunctions/arm_max_q7.o
LOAD CMSIS/DSP/StatisticsFunctions/arm_mean_f32.o
LOAD CMSIS/DSP/StatisticsFunctions/arm_mean_q15.o
LOAD CMSIS/DSP/StatisticsFunctions/arm_mean_q31.o
LOAD CMSIS/DSP/StatisticsFunctions/arm_mean_q7.o
LOAD CMSIS/DSP/StatisticsFunctions/arm_min_f32.o
LOAD CMSIS/DSP/StatisticsFunctions/arm_min_q15.o
LOAD CMSIS/DSP/StatisticsFunctions/arm_min_q31.o
LOAD CMSIS/DSP/StatisticsFunctions/arm_min_q7.o
LOAD CMSIS/DSP/StatisticsFunctions/arm_power_f32.o
LOAD CMSIS/DSP/StatisticsFunctions/arm_power_q15.o
LOAD CMSIS/DSP/StatisticsFunctions/arm_power_q31.o
LOAD CMSIS/DSP/StatisticsFunctions/arm_power_q7.o
LOAD CMSIS/DSP/StatisticsFunctions/arm_rms_f32.o
LOAD CMSIS/DSP/StatisticsFunctions/arm_rms_q15.o
LOAD CMSIS/DSP/StatisticsFunctions/arm_rms_q31.o
LOAD CMSIS/DSP/StatisticsFunctions/arm_std_f32.o
LOAD CMSIS/DSP/StatisticsFunctions/arm_std_q15.o
LOAD CMSIS/DSP/StatisticsFunctions/arm_std_q31.o
LOAD CMSIS/DSP/StatisticsFunctions/arm_var_f32.o
LOAD CMSIS/DSP/StatisticsFunctions/arm_var_q15.o
LOAD CMSIS/DSP/StatisticsFunctions/arm_var_q31.o
LOAD CMSIS/DSP/SupportFunctions/arm_copy_f32.o
LOAD CMSIS/DSP/SupportFunctions/arm_copy_q15.o
LOAD CMSIS/DSP/SupportFunctions/arm_copy_q31.o
LOAD CMSIS/DSP/SupportFunctions/arm_copy_q7.o
LOAD CMSIS/DSP/SupportFunctions/arm_fill_f32.o
LOAD CMSIS/DSP/SupportFunctions/arm_fill_q15.o
LOAD CMSIS/DSP/SupportFunctions/arm_fill_q31.o
LOAD CMSIS/DSP/SupportFunctions/arm_fill_q7.o
LOAD CMSIS/DSP/SupportFunctions/arm_float_to_q15.o
LOAD CMSIS/DSP/SupportFunctions/arm_float_to_q31.o
LOAD CMSIS/DSP/SupportFunctions/arm_float_to_q7.o
LOAD CMSIS/DSP/SupportFunctions/arm_q15_to_float.o
LOAD CMSIS/DSP/SupportFunctions/arm_q15_to_q31.o
LOAD CMSIS/DSP/SupportFunctions/arm_q15_to_q7.o
LOAD CMSIS/DSP/SupportFunctions/arm_q31_to_float.o
LOAD CMSIS/DSP/SupportFunctions/arm_q31_to_q15.o
LOAD CMSIS/DSP/SupportFunctions/arm_q31_to_q7.o
LOAD CMSIS/DSP/SupportFunctions/arm_q7_to_float.o
LOAD CMSIS/DSP/SupportFunctions/arm_q7_to_q15.o
LOAD CMSIS/DSP/SupportFunctions/arm_q7_to_q31.o
LOAD CMSIS/DSP/TransformFunctions/arm_bitreversal.o
LOAD CMSIS/DSP/TransformFunctions/arm_bitreversal2.o
LOAD CMSIS/DSP/TransformFunctions/arm_cfft_f32.o
LOAD CMSIS/DSP/TransformFunctions/arm_cfft_q15.o
LOAD CMSIS/DSP/TransformFunctions/arm_cfft_q31.o
LOAD CMSIS/DSP/TransformFunctions/arm_cfft_radix2_f32.o
LOAD CMSIS/DSP/TransformFunctions/arm_cfft_radix2_init_f32.o
LOAD CMSIS/DSP/TransformFunctions/arm_cfft_radix2_init_q15.o
LOAD CMSIS/DSP/TransformFunctions/arm_cfft_radix2_init_q31.o
LOAD CMSIS/DSP/TransformFunctions/arm_cfft_radix2_q15.o
LOAD CMSIS/DSP/TransformFunctions/arm_cfft_radix2_q31.o
LOAD CMSIS/DSP/TransformFunctions/arm_cfft_radix4_f32.o
LOAD CMSIS/DSP/TransformFunctions/arm_cfft_radix4_init_f32.o
LOAD CMSIS/DSP/TransformFunctions/arm_cfft_radix4_init_q15.o
LOAD CMSIS/DSP/TransformFunctions/arm_cfft_radix4_init_q31.o
LOAD CMSIS/DSP/TransformFunctions/arm_cfft_radix4_q15.o
LOAD CMSIS/DSP/TransformFunctions/arm_cfft_radix4_q31.o
LOAD CMSIS/DSP/TransformFunctions/arm_cfft_radix8_f32.o
LOAD CMSIS/DSP/TransformFunctions/arm_dct4_f32.o
LOAD CMSIS/DSP/TransformFunctions/arm_dct4_init_f32.o
LOAD CMSIS/DSP/TransformFunctions/arm_dct4_init_q15.o
LOAD CMSIS/DSP/TransformFunctions/arm_dct4_init_q31.o
LOAD CMSIS/DSP/TransformFunctions/arm_dct4_q15.o
LOAD CMSIS/DSP/TransformFunctions/arm_dct4_q31.o
LOAD CMSIS/DSP/TransformFunctions/arm_rfft_f32.o
LOAD CMSIS/DSP/TransformFunctions/arm_rfft_fast_f32.o
LOAD CMSIS/DSP/TransformFunctions/arm_rfft_fast_init_f32.o
LOAD CMSIS/DSP/TransformFunctions/arm_rfft_init_f32.o
LOAD CMSIS/DSP/TransformFunctions/arm_rfft_init_q15.o
LOAD CMSIS/DSP/TransformFunctions/arm_rfft_init_q31.o
LOAD CMSIS/DSP/TransformFunctions/arm_rfft_q15.o
LOAD CMSIS/DSP/TransformFunctions/arm_rfft_q31.o
LOAD CMSIS/NN/ActivationFunctions/arm_nn_activations_q15.o
LOAD CMSIS/NN/ActivationFunctions/arm_nn_activations_q7.o
LOAD CMSIS/NN/ActivationFunctions/arm_relu_q15.o
LOAD CMSIS/NN/ActivationFunctions/arm_relu_q7.o
LOAD CMSIS/NN/ConvolutionFunctions/arm_convolve_1x1_HWC_q7_fast_nonsquare.o
LOAD CMSIS/NN/ConvolutionFunctions/arm_convolve_HWC_q15_basic.o
LOAD CMSIS/NN/ConvolutionFunctions/arm_convolve_HWC_q15_fast.o
LOAD CMSIS/NN/ConvolutionFunctions/arm_convolve_HWC_q15_fast_nonsquare.o
LOAD CMSIS/NN/ConvolutionFunctions/arm_convolve_HWC_q7_RGB.o
LOAD CMSIS/NN/ConvolutionFunctions/arm_convolve_HWC_q7_basic.o
LOAD CMSIS/NN/ConvolutionFunctions/arm_convolve_HWC_q7_basic_nonsquare.o
LOAD CMSIS/NN/ConvolutionFunctions/arm_convolve_HWC_q7_fast.o
LOAD CMSIS/NN/ConvolutionFunctions/arm_convolve_HWC_q7_fast_nonsquare.o
LOAD CMSIS/NN/ConvolutionFunctions/arm_depthwise_separable_conv_HWC_q7.o
LOAD CMSIS/NN/ConvolutionFunctions/arm_depthwise_separable_conv_HWC_q7_nonsquare.o
LOAD CMSIS/NN/ConvolutionFunctions/arm_nn_mat_mult_kernel_q7_q15.o
LOAD CMSIS/NN/ConvolutionFunctions/arm_nn_mat_mult_kernel_q7_q15_reordered.o
LOAD CMSIS/NN/FullyConnectedFunctions/arm_fully_connected_mat_q7_vec_q15.o
LOAD CMSIS/NN/FullyConnectedFunctions/arm_fully_connected_mat_q7_vec_q15_opt.o
LOAD CMSIS/NN/FullyConnectedFunctions/arm_fully_connected_q15.o
LOAD CMSIS/NN/FullyConnectedFunctions/arm_fully_connected_q15_opt.o
LOAD CMSIS/NN/FullyConnectedFunctions/arm_fully_connected_q7.o
LOAD CMSIS/NN/FullyConnectedFunctions/arm_fully_connected_q7_opt.o
LOAD CMSIS/NN/NNSupportFunctions/arm_nn_mult_q15.o
LOAD CMSIS/NN/NNSupportFunctions/arm_nn_mult_q7.o
LOAD CMSIS/NN/NNSupportFunctions/arm_nntables.o
LOAD CMSIS/NN/NNSupportFunctions/arm_q7_to_q15_no_shift.o
LOAD CMSIS/NN/NNSupportFunctions/arm_q7_to_q15_reordered_no_shift.o
LOAD CMSIS/NN/PoolingFunctions/arm_pool_q7_HWC.o
LOAD CMSIS/NN/SoftmaxFunctions/arm_softmax_q15.o
LOAD CMSIS/NN/SoftmaxFunctions/arm_softmax_q7.o
LOAD Drivers/BSP/Components/PCM1774_CODEC_Driver.o
LOAD Drivers/BSP/SensorTile/SensorTile.o
LOAD Drivers/BSP/SensorTile/SensorTile_audio_in.o
LOAD Drivers/BSP/SensorTile/SensorTile_audio_out.o
LOAD Drivers/CMSIS/system_stm32l4xx.o
LOAD Drivers/STM32L4xx_HAL_Driver/stm32l4xx_hal.o
LOAD Drivers/STM32L4xx_HAL_Driver/stm32l4xx_hal_cortex.o
LOAD Drivers/STM32L4xx_HAL_Driver/stm32l4xx_hal_dfsdm.o
LOAD Drivers/STM32L4xx_HAL_Driver/stm32l4xx_hal_dma.o
LOAD Drivers/STM32L4xx_HAL_Driver/stm32l4xx_hal_gpio.o
LOAD Drivers/STM32L4xx_HAL_Driver/stm32l4xx_hal_i2c.o
LOAD Drivers/STM32L4xx_HAL_Driver/stm32l4xx_hal_i2c_ex.o
LOAD Drivers/STM32L4xx_HAL_Driver/stm32l4xx_hal_pcd.o
LOAD Drivers/STM32L4xx_HAL_Driver/stm32l4xx_hal_pcd_ex.o
LOAD Drivers/STM32L4xx_HAL_Driver/stm32l4xx_hal_pwr.o
LOAD Drivers/STM32L4xx_HAL_Driver/stm32l4xx_hal_pwr_ex.o
LOAD Drivers/STM32L4xx_HAL_Driver/stm32l4xx_hal_rcc.o
LOAD Drivers/STM32L4xx_HAL_Driver/stm32l4xx_hal_rcc_ex.o
LOAD Drivers/STM32L4xx_HAL_Driver/stm32l4xx_hal_sai.o
LOAD Drivers/STM32L4xx_HAL_Driver/stm32l4xx_hal_tim.o
LOAD Drivers/STM32L4xx_HAL_Driver/stm32l4xx_hal_tim_ex.o
LOAD Drivers/STM32L4xx_HAL_Driver/stm32l4xx_ll_usb.o
LOAD MLKWS/KWS/KWS_DNN/kws_dnn.o
LOAD MLKWS/KWS/KWS_DS_CNN/kws_ds_cnn.o
LOAD MLKWS/KWS/kws.o
LOAD MLKWS/MFCC/mfcc.o
LOAD MLKWS/NN/DNN/dnn.o
LOAD MLKWS/NN/DS_CNN/ds_cnn.o
LOAD MLKWS/NN/nn.o
LOAD MLKWS/local_NN/arm_avepool_q7_HWC_nonsquare.o
LOAD Middlewares/STM32_USB_Device_Library/usbd_audio_in.o
LOAD Middlewares/STM32_USB_Device_Library/usbd_cdc.o
LOAD Middlewares/STM32_USB_Device_Library/usbd_core.o
LOAD Middlewares/STM32_USB_Device_Library/usbd_ctlreq.o
LOAD Middlewares/STM32_USB_Device_Library/usbd_ioreq.o
LOAD c:/ac6/systemworkbench/plugins/fr.ac6.mcu.externaltools.arm-none.win32_1.15.0.201708311556/tools/compiler/bin/../lib/gcc/arm-none-eabi/6.3.1/../../../../arm-none-eabi/lib/thumb/v7e-m/fpv4-sp/hard\libstdc++_nano.a
LOAD c:/ac6/systemworkbench/plugins/fr.ac6.mcu.externaltools.arm-none.win32_1.15.0.201708311556/tools/compiler/bin/../lib/gcc/arm-none-eabi/6.3.1/../../../../arm-none-eabi/lib/thumb/v7e-m/fpv4-sp/hard\libm.a
START GROUP
LOAD c:/ac6/systemworkbench/plugins/fr.ac6.mcu.externaltools.arm-none.win32_1.15.0.201708311556/tools/compiler/bin/../lib/gcc/arm-none-eabi/6.3.1/thumb/v7e-m/fpv4-sp/hard\libgcc.a
LOAD c:/ac6/systemworkbench/plugins/fr.ac6.mcu.externaltools.arm-none.win32_1.15.0.201708311556/tools/compiler/bin/../lib/gcc/arm-none-eabi/6.3.1/../../../../arm-none-eabi/lib/thumb/v7e-m/fpv4-sp/hard\libc_nano.a
END GROUP
START GROUP
LOAD c:/ac6/systemworkbench/plugins/fr.ac6.mcu.externaltools.arm-none.win32_1.15.0.201708311556/tools/compiler/bin/../lib/gcc/arm-none-eabi/6.3.1/thumb/v7e-m/fpv4-sp/hard\libgcc.a
LOAD c:/ac6/systemworkbench/plugins/fr.ac6.mcu.externaltools.arm-none.win32_1.15.0.201708311556/tools/compiler/bin/../lib/gcc/arm-none-eabi/6.3.1/../../../../arm-none-eabi/lib/thumb/v7e-m/fpv4-sp/hard\libc_nano.a
END GROUP
LOAD c:/ac6/systemworkbench/plugins/fr.ac6.mcu.externaltools.arm-none.win32_1.15.0.201708311556/tools/compiler/bin/../lib/gcc/arm-none-eabi/6.3.1/thumb/v7e-m/fpv4-sp/hard/crtend.o
LOAD c:/ac6/systemworkbench/plugins/fr.ac6.mcu.externaltools.arm-none.win32_1.15.0.201708311556/tools/compiler/bin/../lib/gcc/arm-none-eabi/6.3.1/thumb/v7e-m/fpv4-sp/hard/crtn.o
                0x20017fff                _estack = 0x20017fff
                0x00002000                _Min_Heap_Size = 0x2000
                0x00002000                _Min_Stack_Size = 0x2000

.isr_vector     0x08000000      0x188
                0x08000000                . = ALIGN (0x8)
 *(.isr_vector)
 .isr_vector    0x08000000      0x188 AudioLoop/SW4STM32/startup_stm32l476xx.o
                0x08000000                g_pfnVectors
                0x08000188                . = ALIGN (0x8)

.text           0x08000188     0xad30
                0x08000188                . = ALIGN (0x8)
 *(.text)
 .text          0x08000188       0x6c c:/ac6/systemworkbench/plugins/fr.ac6.mcu.externaltools.arm-none.win32_1.15.0.201708311556/tools/compiler/bin/../lib/gcc/arm-none-eabi/6.3.1/thumb/v7e-m/fpv4-sp/hard/crtbegin.o
 .text          0x080001f4       0xc0 CMSIS/DSP/TransformFunctions/arm_bitreversal2.o
                0x080001f4                arm_bitreversal_32
                0x0800025e                arm_bitreversal_16
 .text          0x080002b4      0x370 c:/ac6/systemworkbench/plugins/fr.ac6.mcu.externaltools.arm-none.win32_1.15.0.201708311556/tools/compiler/bin/../lib/gcc/arm-none-eabi/6.3.1/thumb/v7e-m/fpv4-sp/hard\libgcc.a(_arm_addsubdf3.o)
                0x080002b4                __aeabi_drsub
                0x080002bc                __aeabi_dsub
                0x080002bc                __subdf3
                0x080002c0                __aeabi_dadd
                0x080002c0                __adddf3
                0x08000538                __floatunsidf
                0x08000538                __aeabi_ui2d
                0x08000558                __floatsidf
                0x08000558                __aeabi_i2d
                0x0800057c                __aeabi_f2d
                0x0800057c                __extendsfdf2
                0x080005b8                __floatundidf
                0x080005b8                __aeabi_ul2d
                0x080005c8                __floatdidf
                0x080005c8                __aeabi_l2d
 .text          0x08000624      0x424 c:/ac6/systemworkbench/plugins/fr.ac6.mcu.externaltools.arm-none.win32_1.15.0.201708311556/tools/compiler/bin/../lib/gcc/arm-none-eabi/6.3.1/thumb/v7e-m/fpv4-sp/hard\libgcc.a(_arm_muldivdf3.o)
                0x08000624                __aeabi_dmul
                0x08000624                __muldf3
                0x08000878                __divdf3
                0x08000878                __aeabi_ddiv
 .text          0x08000a48      0x110 c:/ac6/systemworkbench/plugins/fr.ac6.mcu.externaltools.arm-none.win32_1.15.0.201708311556/tools/compiler/bin/../lib/gcc/arm-none-eabi/6.3.1/thumb/v7e-m/fpv4-sp/hard\libgcc.a(_arm_cmpdf2.o)
                0x08000a48                __gtdf2
                0x08000a48                __gedf2
                0x08000a50                __ltdf2
                0x08000a50                __ledf2
                0x08000a58                __nedf2
                0x08000a58                __eqdf2
                0x08000a58                __cmpdf2
                0x08000ad4                __aeabi_cdrcmple
                0x08000ae4                __aeabi_cdcmpeq
                0x08000ae4                __aeabi_cdcmple
                0x08000af4                __aeabi_dcmpeq
                0x08000b08                __aeabi_dcmplt
                0x08000b1c                __aeabi_dcmple
                0x08000b30                __aeabi_dcmpge
                0x08000b44                __aeabi_dcmpgt
 .text          0x08000b58       0x2c c:/ac6/systemworkbench/plugins/fr.ac6.mcu.externaltools.arm-none.win32_1.15.0.201708311556/tools/compiler/bin/../lib/gcc/arm-none-eabi/6.3.1/thumb/v7e-m/fpv4-sp/hard\libgcc.a(_arm_unorddf2.o)
                0x08000b58                __unorddf2
                0x08000b58                __aeabi_dcmpun
 .text          0x08000b84       0x50 c:/ac6/systemworkbench/plugins/fr.ac6.mcu.externaltools.arm-none.win32_1.15.0.201708311556/tools/compiler/bin/../lib/gcc/arm-none-eabi/6.3.1/thumb/v7e-m/fpv4-sp/hard\libgcc.a(_arm_fixdfsi.o)
                0x08000b84                __aeabi_d2iz
                0x08000b84                __fixdfsi
 .text          0x08000bd4       0xa0 c:/ac6/systemworkbench/plugins/fr.ac6.mcu.externaltools.arm-none.win32_1.15.0.201708311556/tools/compiler/bin/../lib/gcc/arm-none-eabi/6.3.1/thumb/v7e-m/fpv4-sp/hard\libgcc.a(_arm_truncdfsf2.o)
                0x08000bd4                __truncdfsf2
                0x08000bd4                __aeabi_d2f
 *(.text*)
 .text.Reset_Handler
                0x08000c74       0x50 AudioLoop/SW4STM32/startup_stm32l476xx.o
                0x08000c74                Reset_Handler
 .text.Default_Handler
                0x08000cc4        0x2 AudioLoop/SW4STM32/startup_stm32l476xx.o
                0x08000cc4                RTC_Alarm_IRQHandler
                0x08000cc4                EXTI2_IRQHandler
                0x08000cc4                TIM8_TRG_COM_IRQHandler
                0x08000cc4                TIM8_CC_IRQHandler
                0x08000cc4                TSC_IRQHandler
                0x08000cc4                TAMP_STAMP_IRQHandler
                0x08000cc4                EXTI3_IRQHandler
                0x08000cc4                LPTIM2_IRQHandler
                0x08000cc4                DFSDM1_FLT1_IRQHandler
                0x08000cc4                I2C3_ER_IRQHandler
                0x08000cc4                DFSDM1_FLT2_IRQHandler
                0x08000cc4                EXTI0_IRQHandler
                0x08000cc4                I2C2_EV_IRQHandler
                0x08000cc4                CAN1_RX0_IRQHandler
                0x08000cc4                FPU_IRQHandler
                0x08000cc4                TIM1_UP_TIM16_IRQHandler
                0x08000cc4                ADC1_2_IRQHandler
                0x08000cc4                SPI1_IRQHandler
                0x08000cc4                TIM6_DAC_IRQHandler
                0x08000cc4                TIM8_UP_IRQHandler
                0x08000cc4                DMA2_Channel2_IRQHandler
                0x08000cc4                SAI2_IRQHandler
                0x08000cc4                DFSDM1_FLT3_IRQHandler
                0x08000cc4                USART3_IRQHandler
                0x08000cc4                DMA1_Channel7_IRQHandler
                0x08000cc4                CAN1_RX1_IRQHandler
                0x08000cc4                LCD_IRQHandler
                0x08000cc4                UART5_IRQHandler
                0x08000cc4                ADC3_IRQHandler
                0x08000cc4                TIM4_IRQHandler
                0x08000cc4                DMA2_Channel1_IRQHandler
                0x08000cc4                QUADSPI_IRQHandler
                0x08000cc4                I2C1_EV_IRQHandler
                0x08000cc4                DMA1_Channel6_IRQHandler
                0x08000cc4                UART4_IRQHandler
                0x08000cc4                DMA2_Channel4_IRQHandler
                0x08000cc4                RCC_IRQHandler
                0x08000cc4                DMA1_Channel1_IRQHandler
                0x08000cc4                Default_Handler
                0x08000cc4                DMA2_Channel7_IRQHandler
                0x08000cc4                EXTI15_10_IRQHandler
                0x08000cc4                TIM7_IRQHandler
                0x08000cc4                SDMMC1_IRQHandler
                0x08000cc4                TIM5_IRQHandler
                0x08000cc4                I2C3_EV_IRQHandler
                0x08000cc4                EXTI9_5_IRQHandler
                0x08000cc4                RTC_WKUP_IRQHandler
                0x08000cc4                PVD_PVM_IRQHandler
                0x08000cc4                SPI2_IRQHandler
                0x08000cc4                CAN1_TX_IRQHandler
                0x08000cc4                DMA2_Channel5_IRQHandler
                0x08000cc4                DMA1_Channel5_IRQHandler
                0x08000cc4                EXTI4_IRQHandler
                0x08000cc4                RNG_IRQHandler
                0x08000cc4                TIM1_TRG_COM_TIM17_IRQHandler
                0x08000cc4                DMA1_Channel3_IRQHandler
                0x08000cc4                COMP_IRQHandler
                0x08000cc4                WWDG_IRQHandler
                0x08000cc4                LPUART1_IRQHandler
                0x08000cc4                DMA2_Channel6_IRQHandler
                0x08000cc4                TIM2_IRQHandler
                0x08000cc4                EXTI1_IRQHandler
                0x08000cc4                USART2_IRQHandler
                0x08000cc4                I2C2_ER_IRQHandler
                0x08000cc4                DMA1_Channel2_IRQHandler
                0x08000cc4                TIM8_BRK_IRQHandler
                0x08000cc4                CAN1_SCE_IRQHandler
                0x08000cc4                FLASH_IRQHandler
                0x08000cc4                USART1_IRQHandler
                0x08000cc4                SPI3_IRQHandler
                0x08000cc4                I2C1_ER_IRQHandler
                0x08000cc4                FMC_IRQHandler
                0x08000cc4                SWPMI1_IRQHandler
                0x08000cc4                LPTIM1_IRQHandler
                0x08000cc4                SAI1_IRQHandler
                0x08000cc4                TIM1_BRK_TIM15_IRQHandler
 *fill*         0x08000cc6        0x2 
 .text.SystemClock_Config
                0x08000cc8       0xc8 AudioLoop/User/cube_hal_l4.o
                0x08000cc8                SystemClock_Config
 .text._ZN14KWS_SensorTileC2Eii
                0x08000d90       0x68 AudioLoop/User/kws_SensorTile.o
                0x08000d90                KWS_SensorTile::KWS_SensorTile(int, int)
                0x08000d90                KWS_SensorTile::KWS_SensorTile(int, int)
 .text.main     0x08000df8       0x5c AudioLoop/User/main.o
                0x08000df8                main
 .text._Z12AudioProcessv
                0x08000e54      0x134 AudioLoop/User/main.o
                0x08000e54                AudioProcess()
 .text.BSP_AUDIO_IN_TransferComplete_CallBack
                0x08000f88        0xc AudioLoop/User/main.o
                0x08000f88                BSP_AUDIO_IN_TransferComplete_CallBack
 .text.BSP_AUDIO_IN_HalfTransfer_CallBack
                0x08000f94        0xc AudioLoop/User/main.o
                0x08000f94                BSP_AUDIO_IN_HalfTransfer_CallBack
 .text.BSP_DFSDM_FilterAwdCallback
                0x08000fa0       0x1c AudioLoop/User/main.o
                0x08000fa0                BSP_DFSDM_FilterAwdCallback
 .text.HAL_TIM_PeriodElapsedCallback
                0x08000fbc       0x24 AudioLoop/User/main.o
                0x08000fbc                HAL_TIM_PeriodElapsedCallback
 .text.Error_Handler
                0x08000fe0        0x6 AudioLoop/User/main.o
                0x08000fe0                Error_Handler
 *fill*         0x08000fe6        0x2 
 .text._Z41__static_initialization_and_destruction_0ii
                0x08000fe8       0x4c AudioLoop/User/main.o
 .text._GLOBAL__sub_I_audio_out_buffer
                0x08001034       0x10 AudioLoop/User/main.o
 .text.DFSDM1_FLT0_IRQHandler
                0x08001044        0xc AudioLoop/User/stm32l4xx_it.o
                0x08001044                DFSDM1_FLT0_IRQHandler
 .text.NMI_Handler
                0x08001050        0x4 AudioLoop/User/stm32l4xx_it.o
                0x08001050                NMI_Handler
 .text.HardFault_Handler
                0x08001054        0x4 AudioLoop/User/stm32l4xx_it.o
                0x08001054                HardFault_Handler
 .text.MemManage_Handler
                0x08001058        0x4 AudioLoop/User/stm32l4xx_it.o
                0x08001058                MemManage_Handler
 .text.BusFault_Handler
                0x0800105c        0x4 AudioLoop/User/stm32l4xx_it.o
                0x0800105c                BusFault_Handler
 .text.UsageFault_Handler
                0x08001060        0x4 AudioLoop/User/stm32l4xx_it.o
                0x08001060                UsageFault_Handler
 .text.SVC_Handler
                0x08001064        0x4 AudioLoop/User/stm32l4xx_it.o
                0x08001064                SVC_Handler
 .text.DebugMon_Handler
                0x08001068        0x4 AudioLoop/User/stm32l4xx_it.o
                0x08001068                DebugMon_Handler
 .text.PendSV_Handler
                0x0800106c        0x4 AudioLoop/User/stm32l4xx_it.o
                0x0800106c                PendSV_Handler
 .text.SysTick_Handler
                0x08001070        0x4 AudioLoop/User/stm32l4xx_it.o
                0x08001070                SysTick_Handler
 .text.TIM1_CC_IRQHandler
                0x08001074        0xc AudioLoop/User/stm32l4xx_it.o
                0x08001074                TIM1_CC_IRQHandler
 .text.DMA1_Channel4_IRQHandler
                0x08001080        0xc AudioLoop/User/stm32l4xx_it.o
                0x08001080                DMA1_Channel4_IRQHandler
 .text.DMA2_Channel3_IRQHandler
                0x0800108c        0xc AudioLoop/User/stm32l4xx_it.o
                0x0800108c                DMA2_Channel3_IRQHandler
 .text.OTG_FS_IRQHandler
                0x08001098        0xc AudioLoop/User/stm32l4xx_it.o
                0x08001098                OTG_FS_IRQHandler
 .text.TIM3_IRQHandler
                0x080010a4        0xc AudioLoop/User/stm32l4xx_it.o
                0x080010a4                TIM3_IRQHandler
 .text._sbrk    0x080010b0       0x34 AudioLoop/User/syscalls.o
                0x080010b0                _sbrk
 .text._getpid  0x080010e4        0x4 AudioLoop/User/syscalls.o
                0x080010e4                _getpid
 .text._kill    0x080010e8       0x10 AudioLoop/User/syscalls.o
                0x080010e8                _kill
 .text._exit    0x080010f8        0xc AudioLoop/User/syscalls.o
                0x080010f8                _exit
 .text._Z29CDC_TIM_PeriodElapsedCallbackP17TIM_HandleTypeDef
                0x08001104       0x9c AudioLoop/User/usbd_cdc_interface.o
                0x08001104                CDC_TIM_PeriodElapsedCallback(TIM_HandleTypeDef*)
 .text.HAL_PCD_SetupStageCallback
                0x080011a0        0xc AudioLoop/User/usbd_conf.o
                0x080011a0                HAL_PCD_SetupStageCallback
 .text.HAL_PCD_DataOutStageCallback
                0x080011ac       0x14 AudioLoop/User/usbd_conf.o
                0x080011ac                HAL_PCD_DataOutStageCallback
 .text.HAL_PCD_DataInStageCallback
                0x080011c0       0x14 AudioLoop/User/usbd_conf.o
                0x080011c0                HAL_PCD_DataInStageCallback
 .text.HAL_PCD_SOFCallback
                0x080011d4        0x8 AudioLoop/User/usbd_conf.o
                0x080011d4                HAL_PCD_SOFCallback
 .text.HAL_PCD_ResetCallback
                0x080011dc       0x1c AudioLoop/User/usbd_conf.o
                0x080011dc                HAL_PCD_ResetCallback
 .text.HAL_PCD_SuspendCallback
                0x080011f8        0x8 AudioLoop/User/usbd_conf.o
                0x080011f8                HAL_PCD_SuspendCallback
 .text.HAL_PCD_ResumeCallback
                0x08001200        0x8 AudioLoop/User/usbd_conf.o
                0x08001200                HAL_PCD_ResumeCallback
 .text.HAL_PCD_ISOOUTIncompleteCallback
                0x08001208        0x8 AudioLoop/User/usbd_conf.o
                0x08001208                HAL_PCD_ISOOUTIncompleteCallback
 .text.HAL_PCD_ISOINIncompleteCallback
                0x08001210        0x8 AudioLoop/User/usbd_conf.o
                0x08001210                HAL_PCD_ISOINIncompleteCallback
 .text.HAL_PCD_ConnectCallback
                0x08001218        0x8 AudioLoop/User/usbd_conf.o
                0x08001218                HAL_PCD_ConnectCallback
 .text.HAL_PCD_DisconnectCallback
                0x08001220        0x8 AudioLoop/User/usbd_conf.o
                0x08001220                HAL_PCD_DisconnectCallback
 .text.USBD_LL_OpenEP
                0x08001228       0x14 AudioLoop/User/usbd_conf.o
                0x08001228                USBD_LL_OpenEP
 .text.USBD_LL_StallEP
                0x0800123c       0x10 AudioLoop/User/usbd_conf.o
                0x0800123c                USBD_LL_StallEP
 .text.USBD_LL_ClearStallEP
                0x0800124c       0x10 AudioLoop/User/usbd_conf.o
                0x0800124c                USBD_LL_ClearStallEP
 .text.USBD_LL_IsStallEP
                0x0800125c       0x28 AudioLoop/User/usbd_conf.o
                0x0800125c                USBD_LL_IsStallEP
 .text.USBD_LL_SetUSBAddress
                0x08001284       0x10 AudioLoop/User/usbd_conf.o
                0x08001284                USBD_LL_SetUSBAddress
 .text.USBD_LL_Transmit
                0x08001294       0x10 AudioLoop/User/usbd_conf.o
                0x08001294                USBD_LL_Transmit
 .text.USBD_LL_PrepareReceive
                0x080012a4       0x10 AudioLoop/User/usbd_conf.o
                0x080012a4                USBD_LL_PrepareReceive
 .text.arm_copy_q7
                0x080012b4       0x44 CMSIS/DSP/SupportFunctions/arm_copy_q7.o
                0x080012b4                arm_copy_q7
 .text.arm_cfft_radix8by2_f32
                0x080012f8      0x184 CMSIS/DSP/TransformFunctions/arm_cfft_f32.o
                0x080012f8                arm_cfft_radix8by2_f32
 .text.arm_cfft_radix8by4_f32
                0x0800147c      0x480 CMSIS/DSP/TransformFunctions/arm_cfft_f32.o
                0x0800147c                arm_cfft_radix8by4_f32
 .text.arm_cfft_f32
                0x080018fc       0xf0 CMSIS/DSP/TransformFunctions/arm_cfft_f32.o
                0x080018fc                arm_cfft_f32
 .text.arm_radix8_butterfly_f32
                0x080019ec      0x5c0 CMSIS/DSP/TransformFunctions/arm_cfft_radix8_f32.o
                0x080019ec                arm_radix8_butterfly_f32
 .text.arm_rfft_fast_f32
                0x08001fac      0x16c CMSIS/DSP/TransformFunctions/arm_rfft_fast_f32.o
                0x08001fac                arm_rfft_fast_f32
 .text.arm_rfft_fast_init_f32
                0x08002118      0x104 CMSIS/DSP/TransformFunctions/arm_rfft_fast_init_f32.o
                0x08002118                arm_rfft_fast_init_f32
 .text.arm_relu_q7
                0x0800221c       0x68 CMSIS/NN/ActivationFunctions/arm_relu_q7.o
                0x0800221c                arm_relu_q7
 .text.arm_fully_connected_q7
                0x08002284      0x21c CMSIS/NN/FullyConnectedFunctions/arm_fully_connected_q7.o
                0x08002284                arm_fully_connected_q7
 .text.arm_q7_to_q15_reordered_no_shift
                0x080024a0       0x58 CMSIS/NN/NNSupportFunctions/arm_q7_to_q15_reordered_no_shift.o
                0x080024a0                arm_q7_to_q15_reordered_no_shift
 .text.arm_softmax_q7
                0x080024f8       0x90 CMSIS/NN/SoftmaxFunctions/arm_softmax_q7.o
                0x080024f8                arm_softmax_q7
 .text.DFSDMx_FilterMspInit
                0x08002588      0x120 Drivers/BSP/SensorTile/SensorTile_audio_in.o
 .text.BSP_AUDIO_IN_ClockConfig
                0x080026a8       0x34 Drivers/BSP/SensorTile/SensorTile_audio_in.o
                0x080026a8                BSP_AUDIO_IN_ClockConfig
 .text.BSP_AUDIO_IN_Init
                0x080026dc      0x820 Drivers/BSP/SensorTile/SensorTile_audio_in.o
                0x080026dc                BSP_AUDIO_IN_Init
 .text.BSP_AUDIO_IN_Record
                0x08002efc       0xa0 Drivers/BSP/SensorTile/SensorTile_audio_in.o
                0x08002efc                BSP_AUDIO_IN_Record
 .text.BSP_AUDIO_IN_SetVolume
                0x08002f9c        0xc Drivers/BSP/SensorTile/SensorTile_audio_in.o
                0x08002f9c                BSP_AUDIO_IN_SetVolume
 .text.HAL_DFSDM_FilterRegConvCpltCallback
                0x08002fa8      0x170 Drivers/BSP/SensorTile/SensorTile_audio_in.o
                0x08002fa8                HAL_DFSDM_FilterRegConvCpltCallback
 .text.HAL_DFSDM_FilterRegConvHalfCpltCallback
                0x08003118      0x140 Drivers/BSP/SensorTile/SensorTile_audio_in.o
                0x08003118                HAL_DFSDM_FilterRegConvHalfCpltCallback
 .text.HAL_DFSDM_FilterAwdCallback
                0x08003258      0x1d8 Drivers/BSP/SensorTile/SensorTile_audio_in.o
                0x08003258                HAL_DFSDM_FilterAwdCallback
 .text.SystemInit
                0x08003430       0x50 Drivers/CMSIS/system_stm32l4xx.o
                0x08003430                SystemInit
 .text.HAL_MspInit
                0x08003480        0x4 Drivers/STM32L4xx_HAL_Driver/stm32l4xx_hal.o
                0x08003480                HAL_MspInit
 .text.HAL_InitTick
                0x08003484       0x2c Drivers/STM32L4xx_HAL_Driver/stm32l4xx_hal.o
                0x08003484                HAL_InitTick
 .text.HAL_Init
                0x080034b0       0x24 Drivers/STM32L4xx_HAL_Driver/stm32l4xx_hal.o
                0x080034b0                HAL_Init
 .text.HAL_IncTick
                0x080034d4       0x10 Drivers/STM32L4xx_HAL_Driver/stm32l4xx_hal.o
                0x080034d4                HAL_IncTick
 .text.HAL_GetTick
                0x080034e4        0xc Drivers/STM32L4xx_HAL_Driver/stm32l4xx_hal.o
                0x080034e4                HAL_GetTick
 .text.HAL_NVIC_SetPriorityGrouping
                0x080034f0       0x24 Drivers/STM32L4xx_HAL_Driver/stm32l4xx_hal_cortex.o
                0x080034f0                HAL_NVIC_SetPriorityGrouping
 .text.HAL_NVIC_SetPriority
                0x08003514       0x6c Drivers/STM32L4xx_HAL_Driver/stm32l4xx_hal_cortex.o
                0x08003514                HAL_NVIC_SetPriority
 .text.HAL_NVIC_EnableIRQ
                0x08003580       0x1c Drivers/STM32L4xx_HAL_Driver/stm32l4xx_hal_cortex.o
                0x08003580                HAL_NVIC_EnableIRQ
 .text.HAL_SYSTICK_Config
                0x0800359c       0x34 Drivers/STM32L4xx_HAL_Driver/stm32l4xx_hal_cortex.o
                0x0800359c                HAL_SYSTICK_Config
 .text.HAL_DFSDM_ChannelMspInit
                0x080035d0        0x4 Drivers/STM32L4xx_HAL_Driver/stm32l4xx_hal_dfsdm.o
                0x080035d0                HAL_DFSDM_ChannelMspInit
 .text.HAL_DFSDM_ChannelInit
                0x080035d4      0x1cc Drivers/STM32L4xx_HAL_Driver/stm32l4xx_hal_dfsdm.o
                0x080035d4                HAL_DFSDM_ChannelInit
 .text.HAL_DFSDM_ChannelCkabCallback
                0x080037a0        0x4 Drivers/STM32L4xx_HAL_Driver/stm32l4xx_hal_dfsdm.o
                0x080037a0                HAL_DFSDM_ChannelCkabCallback
 .text.HAL_DFSDM_ChannelScdCallback
                0x080037a4        0x4 Drivers/STM32L4xx_HAL_Driver/stm32l4xx_hal_dfsdm.o
                0x080037a4                HAL_DFSDM_ChannelScdCallback
 .text.HAL_DFSDM_ChannelGetState
                0x080037a8        0x8 Drivers/STM32L4xx_HAL_Driver/stm32l4xx_hal_dfsdm.o
                0x080037a8                HAL_DFSDM_ChannelGetState
 .text.HAL_DFSDM_FilterMspInit
                0x080037b0        0x4 Drivers/STM32L4xx_HAL_Driver/stm32l4xx_hal_dfsdm.o
                0x080037b0                HAL_DFSDM_FilterMspInit
 .text.HAL_DFSDM_FilterInit
                0x080037b4      0x108 Drivers/STM32L4xx_HAL_Driver/stm32l4xx_hal_dfsdm.o
                0x080037b4                HAL_DFSDM_FilterInit
 .text.HAL_DFSDM_FilterConfigRegChannel
                0x080038bc       0x58 Drivers/STM32L4xx_HAL_Driver/stm32l4xx_hal_dfsdm.o
                0x080038bc                HAL_DFSDM_FilterConfigRegChannel
 .text.HAL_DFSDM_FilterRegularStart_DMA_IT
                0x08003914       0xe4 Drivers/STM32L4xx_HAL_Driver/stm32l4xx_hal_dfsdm.o
                0x08003914                HAL_DFSDM_FilterRegularStart_DMA_IT
 .text.HAL_DFSDM_FilterRegularStart_DMA
                0x080039f8       0xe4 Drivers/STM32L4xx_HAL_Driver/stm32l4xx_hal_dfsdm.o
                0x080039f8                HAL_DFSDM_FilterRegularStart_DMA
 .text.HAL_DFSDM_FilterRegularStop_DMA
                0x08003adc       0x84 Drivers/STM32L4xx_HAL_Driver/stm32l4xx_hal_dfsdm.o
                0x08003adc                HAL_DFSDM_FilterRegularStop_DMA
 .text.HAL_DFSDM_FilterAwdStart_IT
                0x08003b60       0x9c Drivers/STM32L4xx_HAL_Driver/stm32l4xx_hal_dfsdm.o
                0x08003b60                HAL_DFSDM_FilterAwdStart_IT
 .text.HAL_DFSDM_FilterAwdStop_IT
                0x08003bfc       0x48 Drivers/STM32L4xx_HAL_Driver/stm32l4xx_hal_dfsdm.o
                0x08003bfc                HAL_DFSDM_FilterAwdStop_IT
 .text.DFSDM_DMARegularConvCplt
                0x08003c44        0xc Drivers/STM32L4xx_HAL_Driver/stm32l4xx_hal_dfsdm.o
 .text.DFSDM_DMARegularHalfConvCplt
                0x08003c50        0xc Drivers/STM32L4xx_HAL_Driver/stm32l4xx_hal_dfsdm.o
 .text.HAL_DFSDM_FilterInjConvCpltCallback
                0x08003c5c        0x4 Drivers/STM32L4xx_HAL_Driver/stm32l4xx_hal_dfsdm.o
                0x08003c5c                HAL_DFSDM_FilterInjConvCpltCallback
 .text.HAL_DFSDM_FilterErrorCallback
                0x08003c60        0x4 Drivers/STM32L4xx_HAL_Driver/stm32l4xx_hal_dfsdm.o
                0x08003c60                HAL_DFSDM_FilterErrorCallback
 .text.DFSDM_DMAError
                0x08003c64       0x10 Drivers/STM32L4xx_HAL_Driver/stm32l4xx_hal_dfsdm.o
 .text.HAL_DFSDM_IRQHandler
                0x08003c74      0x38c Drivers/STM32L4xx_HAL_Driver/stm32l4xx_hal_dfsdm.o
                0x08003c74                HAL_DFSDM_IRQHandler
 .text.HAL_DFSDM_FilterGetState
                0x08004000        0x8 Drivers/STM32L4xx_HAL_Driver/stm32l4xx_hal_dfsdm.o
                0x08004000                HAL_DFSDM_FilterGetState
 .text.HAL_DMA_Init
                0x08004008       0xd0 Drivers/STM32L4xx_HAL_Driver/stm32l4xx_hal_dma.o
                0x08004008                HAL_DMA_Init
 .text.HAL_DMA_Start
                0x080040d8       0x70 Drivers/STM32L4xx_HAL_Driver/stm32l4xx_hal_dma.o
                0x080040d8                HAL_DMA_Start
 .text.HAL_DMA_Start_IT
                0x08004148       0x94 Drivers/STM32L4xx_HAL_Driver/stm32l4xx_hal_dma.o
                0x08004148                HAL_DMA_Start_IT
 .text.HAL_DMA_Abort
                0x080041dc       0x48 Drivers/STM32L4xx_HAL_Driver/stm32l4xx_hal_dma.o
                0x080041dc                HAL_DMA_Abort
 .text.HAL_DMA_IRQHandler
                0x08004224       0xb4 Drivers/STM32L4xx_HAL_Driver/stm32l4xx_hal_dma.o
                0x08004224                HAL_DMA_IRQHandler
 .text.HAL_GPIO_Init
                0x080042d8      0x204 Drivers/STM32L4xx_HAL_Driver/stm32l4xx_hal_gpio.o
                0x080042d8                HAL_GPIO_Init
 .text.HAL_PCD_IRQHandler
                0x080044dc      0x6d0 Drivers/STM32L4xx_HAL_Driver/stm32l4xx_hal_pcd.o
                0x080044dc                HAL_PCD_IRQHandler
 .text.HAL_PCD_SetAddress
                0x08004bac       0x28 Drivers/STM32L4xx_HAL_Driver/stm32l4xx_hal_pcd.o
                0x08004bac                HAL_PCD_SetAddress
 .text.HAL_PCD_EP_Open
                0x08004bd4       0x50 Drivers/STM32L4xx_HAL_Driver/stm32l4xx_hal_pcd.o
                0x08004bd4                HAL_PCD_EP_Open
 .text.HAL_PCD_EP_Receive
                0x08004c24       0x44 Drivers/STM32L4xx_HAL_Driver/stm32l4xx_hal_pcd.o
                0x08004c24                HAL_PCD_EP_Receive
 .text.HAL_PCD_EP_Transmit
                0x08004c68       0x40 Drivers/STM32L4xx_HAL_Driver/stm32l4xx_hal_pcd.o
                0x08004c68                HAL_PCD_EP_Transmit
 .text.HAL_PCD_EP_SetStall
                0x08004ca8       0x5c Drivers/STM32L4xx_HAL_Driver/stm32l4xx_hal_pcd.o
                0x08004ca8                HAL_PCD_EP_SetStall
 .text.HAL_PCD_EP_ClrStall
                0x08004d04       0x50 Drivers/STM32L4xx_HAL_Driver/stm32l4xx_hal_pcd.o
                0x08004d04                HAL_PCD_EP_ClrStall
 .text.HAL_PCDEx_LPM_Callback
                0x08004d54        0x4 Drivers/STM32L4xx_HAL_Driver/stm32l4xx_hal_pcd_ex.o
                0x08004d54                HAL_PCDEx_LPM_Callback
 .text.HAL_PWR_EnableBkUpAccess
                0x08004d58       0x10 Drivers/STM32L4xx_HAL_Driver/stm32l4xx_hal_pwr.o
                0x08004d58                HAL_PWR_EnableBkUpAccess
 .text.HAL_PWREx_GetVoltageRange
                0x08004d68       0x10 Drivers/STM32L4xx_HAL_Driver/stm32l4xx_hal_pwr_ex.o
                0x08004d68                HAL_PWREx_GetVoltageRange
 .text.HAL_PWREx_ControlVoltageScaling
                0x08004d78       0x78 Drivers/STM32L4xx_HAL_Driver/stm32l4xx_hal_pwr_ex.o
                0x08004d78                HAL_PWREx_ControlVoltageScaling
 .text.HAL_RCC_GetSysClockFreq
                0x08004df0      0x164 Drivers/STM32L4xx_HAL_Driver/stm32l4xx_hal_rcc.o
                0x08004df0                HAL_RCC_GetSysClockFreq
 .text.HAL_RCC_OscConfig
                0x08004f54      0x630 Drivers/STM32L4xx_HAL_Driver/stm32l4xx_hal_rcc.o
                0x08004f54                HAL_RCC_OscConfig
 .text.HAL_RCC_ClockConfig
                0x08005584      0x18c Drivers/STM32L4xx_HAL_Driver/stm32l4xx_hal_rcc.o
                0x08005584                HAL_RCC_ClockConfig
 .text.HAL_RCC_GetHCLKFreq
                0x08005710        0xc Drivers/STM32L4xx_HAL_Driver/stm32l4xx_hal_rcc.o
                0x08005710                HAL_RCC_GetHCLKFreq
 .text.RCCEx_PLLSAI1_Config
                0x0800571c      0x174 Drivers/STM32L4xx_HAL_Driver/stm32l4xx_hal_rcc_ex.o
 .text.RCCEx_PLLSAI2_Config
                0x08005890      0x14c Drivers/STM32L4xx_HAL_Driver/stm32l4xx_hal_rcc_ex.o
 .text.HAL_RCCEx_PeriphCLKConfig
                0x080059dc      0x458 Drivers/STM32L4xx_HAL_Driver/stm32l4xx_hal_rcc_ex.o
                0x080059dc                HAL_RCCEx_PeriphCLKConfig
 .text.HAL_RCCEx_DisableLSECSS
                0x08005e34       0x1c Drivers/STM32L4xx_HAL_Driver/stm32l4xx_hal_rcc_ex.o
                0x08005e34                HAL_RCCEx_DisableLSECSS
 .text.HAL_RCCEx_EnableMSIPLLMode
                0x08005e50       0x10 Drivers/STM32L4xx_HAL_Driver/stm32l4xx_hal_rcc_ex.o
                0x08005e50                HAL_RCCEx_EnableMSIPLLMode
 .text.HAL_TIM_OC_DelayElapsedCallback
                0x08005e60        0x4 Drivers/STM32L4xx_HAL_Driver/stm32l4xx_hal_tim.o
                0x08005e60                HAL_TIM_OC_DelayElapsedCallback
 .text.HAL_TIM_IC_CaptureCallback
                0x08005e64        0x4 Drivers/STM32L4xx_HAL_Driver/stm32l4xx_hal_tim.o
                0x08005e64                HAL_TIM_IC_CaptureCallback
 .text.HAL_TIM_PWM_PulseFinishedCallback
                0x08005e68        0x4 Drivers/STM32L4xx_HAL_Driver/stm32l4xx_hal_tim.o
                0x08005e68                HAL_TIM_PWM_PulseFinishedCallback
 .text.HAL_TIM_TriggerCallback
                0x08005e6c        0x4 Drivers/STM32L4xx_HAL_Driver/stm32l4xx_hal_tim.o
                0x08005e6c                HAL_TIM_TriggerCallback
 .text.HAL_TIM_IRQHandler
                0x08005e70      0x15c Drivers/STM32L4xx_HAL_Driver/stm32l4xx_hal_tim.o
                0x08005e70                HAL_TIM_IRQHandler
 .text.HAL_TIMEx_CommutationCallback
                0x08005fcc        0x4 Drivers/STM32L4xx_HAL_Driver/stm32l4xx_hal_tim_ex.o
                0x08005fcc                HAL_TIMEx_CommutationCallback
 .text.HAL_TIMEx_BreakCallback
                0x08005fd0        0x4 Drivers/STM32L4xx_HAL_Driver/stm32l4xx_hal_tim_ex.o
                0x08005fd0                HAL_TIMEx_BreakCallback
 .text.USB_FlushTxFifo
                0x08005fd4       0x24 Drivers/STM32L4xx_HAL_Driver/stm32l4xx_ll_usb.o
                0x08005fd4                USB_FlushTxFifo
 .text.USB_ActivateEndpoint
                0x08005ff8       0x90 Drivers/STM32L4xx_HAL_Driver/stm32l4xx_ll_usb.o
                0x08005ff8                USB_ActivateEndpoint
 .text.USB_EPStartXfer
                0x08006088      0x1fc Drivers/STM32L4xx_HAL_Driver/stm32l4xx_ll_usb.o
                0x08006088                USB_EPStartXfer
 .text.USB_EP0StartXfer
                0x08006284      0x124 Drivers/STM32L4xx_HAL_Driver/stm32l4xx_ll_usb.o
                0x08006284                USB_EP0StartXfer
 .text.USB_WritePacket
                0x080063a8       0x2c Drivers/STM32L4xx_HAL_Driver/stm32l4xx_ll_usb.o
                0x080063a8                USB_WritePacket
 .text.USB_ReadPacket
                0x080063d4       0x2c Drivers/STM32L4xx_HAL_Driver/stm32l4xx_ll_usb.o
                0x080063d4                USB_ReadPacket
 .text.USB_EPSetStall
                0x08006400       0x3c Drivers/STM32L4xx_HAL_Driver/stm32l4xx_ll_usb.o
                0x08006400                USB_EPSetStall
 .text.USB_EPClearStall
                0x0800643c       0x40 Drivers/STM32L4xx_HAL_Driver/stm32l4xx_ll_usb.o
                0x0800643c                USB_EPClearStall
 .text.USB_SetDevAddress
                0x0800647c       0x20 Drivers/STM32L4xx_HAL_Driver/stm32l4xx_ll_usb.o
                0x0800647c                USB_SetDevAddress
 .text.USB_ReadInterrupts
                0x0800649c        0x8 Drivers/STM32L4xx_HAL_Driver/stm32l4xx_ll_usb.o
                0x0800649c                USB_ReadInterrupts
 .text.USB_ReadDevAllOutEpInterrupt
                0x080064a4       0x10 Drivers/STM32L4xx_HAL_Driver/stm32l4xx_ll_usb.o
                0x080064a4                USB_ReadDevAllOutEpInterrupt
 .text.USB_ReadDevAllInEpInterrupt
                0x080064b4       0x10 Drivers/STM32L4xx_HAL_Driver/stm32l4xx_ll_usb.o
                0x080064b4                USB_ReadDevAllInEpInterrupt
 .text.USB_ReadDevOutEPInterrupt
                0x080064c4       0x14 Drivers/STM32L4xx_HAL_Driver/stm32l4xx_ll_usb.o
                0x080064c4                USB_ReadDevOutEPInterrupt
 .text.USB_ReadDevInEPInterrupt
                0x080064d8       0x24 Drivers/STM32L4xx_HAL_Driver/stm32l4xx_ll_usb.o
                0x080064d8                USB_ReadDevInEPInterrupt
 .text.USB_GetMode
                0x080064fc        0x8 Drivers/STM32L4xx_HAL_Driver/stm32l4xx_ll_usb.o
                0x080064fc                USB_GetMode
 .text.USB_ActivateSetup
                0x08006504       0x38 Drivers/STM32L4xx_HAL_Driver/stm32l4xx_ll_usb.o
                0x08006504                USB_ActivateSetup
 .text.USB_EP0_OutStart
                0x0800653c       0x24 Drivers/STM32L4xx_HAL_Driver/stm32l4xx_ll_usb.o
                0x0800653c                USB_EP0_OutStart
 .text._ZN7KWS_DNNC2Eii
                0x08006560       0x46 MLKWS/KWS/KWS_DNN/kws_dnn.o
                0x08006560                KWS_DNN::KWS_DNN(int, int)
                0x08006560                KWS_DNN::KWS_DNN(int, int)
 .text._ZN3KWSC2Ev
                0x080065a6       0x16 MLKWS/KWS/kws.o
                0x080065a6                KWS::KWS()
                0x080065a6                KWS::KWS()
 .text._ZN3KWS8init_kwsEv
                0x080065bc      0x106 MLKWS/KWS/kws.o
                0x080065bc                KWS::init_kws()
 .text._ZN3KWS16extract_featuresEv
                0x080066c2       0xa2 MLKWS/KWS/kws.o
                0x080066c2                KWS::extract_features()
 .text._ZN3KWS8classifyEv
                0x08006764       0x3c MLKWS/KWS/kws.o
                0x08006764                KWS::classify()
 .text._ZN3KWS13get_top_classEPa
                0x080067a0       0x5a MLKWS/KWS/kws.o
                0x080067a0                KWS::get_top_class(signed char*)
 .text._ZN3KWS19average_predictionsEv
                0x080067fa       0xba MLKWS/KWS/kws.o
                0x080067fa                KWS::average_predictions()
 .text._ZSt5roundf
                0x080068b4       0x20 MLKWS/MFCC/mfcc.o
                0x080068b4                std::round(float)
 .text._ZN4MFCC8MelScaleEf
                0x080068d4       0x44 MLKWS/MFCC/mfcc.o
                0x080068d4                MFCC::MelScale(float)
 .text._ZSt3logIiEN9__gnu_cxx11__enable_ifIXsrSt12__is_integerIT_E7__valueEdE6__typeES3_
                0x08006918       0x30 MLKWS/MFCC/mfcc.o
                0x08006918                __gnu_cxx::__enable_if<std::__is_integer<int>::__value, double>::__type std::log<int>(int)
 .text._ZSt3powIidEN9__gnu_cxx11__promote_2IT_T0_NS0_9__promoteIS2_XsrSt12__is_integerIS2_E7__valueEE6__typeENS4_IS3_XsrS5_IS3_E7__valueEE6__typeEE6__typeES2_S3_
                0x08006948       0x38 MLKWS/MFCC/mfcc.o
                0x08006948                __gnu_cxx::__promote_2<int, double, __gnu_cxx::__promote<int, std::__is_integer<int>::__value>::__type, __gnu_cxx::__promote<double, std::__is_integer<double>::__value>::__type>::__type std::pow<int, double>(int, double)
 .text._ZN4MFCCC2Eiii
                0x08006980      0x1f0 MLKWS/MFCC/mfcc.o
                0x08006980                MFCC::MFCC(int, int, int)
                0x08006980                MFCC::MFCC(int, int, int)
 .text._ZN4MFCC17create_dct_matrixEll
                0x08006b70      0x158 MLKWS/MFCC/mfcc.o
                0x08006b70                MFCC::create_dct_matrix(long, long)
 .text._ZN4MFCC16create_mel_fbankEv
                0x08006cc8      0x278 MLKWS/MFCC/mfcc.o
                0x08006cc8                MFCC::create_mel_fbank()
 .text._ZN4MFCC12mfcc_computeEPKsPa
                0x08006f40      0x390 MLKWS/MFCC/mfcc.o
                0x08006f40                MFCC::mfcc_compute(short const*, signed char*)
 .text._ZN2NNC2Ev
                0x080072d0       0x20 MLKWS/NN/DNN/dnn.o
                0x080072d0                NN::NN()
                0x080072d0                NN::NN()
 .text._ZN3DNNC2Ev
                0x080072f0       0x84 MLKWS/NN/DNN/dnn.o
                0x080072f0                DNN::DNN()
                0x080072f0                DNN::DNN()
 .text._ZN3DNND2Ev
                0x08007374       0x30 MLKWS/NN/DNN/dnn.o
                0x08007374                DNN::~DNN()
                0x08007374                DNN::~DNN()
 .text._ZN3DNND0Ev
                0x080073a4       0x20 MLKWS/NN/DNN/dnn.o
                0x080073a4                DNN::~DNN()
 .text._ZN3DNN6run_nnEPaS0_
                0x080073c4       0xec MLKWS/NN/DNN/dnn.o
                0x080073c4                DNN::run_nn(signed char*, signed char*)
 .text._ZN2NND2Ev
                0x080074b0       0x20 MLKWS/NN/nn.o
                0x080074b0                NN::~NN()
                0x080074b0                NN::~NN()
 .text._ZN2NN13get_frame_lenEv
                0x080074d0       0x18 MLKWS/NN/nn.o
                0x080074d0                NN::get_frame_len()
 .text._ZN2NN15get_frame_shiftEv
                0x080074e8       0x18 MLKWS/NN/nn.o
                0x080074e8                NN::get_frame_shift()
 .text._ZN2NN21get_num_mfcc_featuresEv
                0x08007500       0x18 MLKWS/NN/nn.o
                0x08007500                NN::get_num_mfcc_features()
 .text._ZN2NN14get_num_framesEv
                0x08007518       0x18 MLKWS/NN/nn.o
                0x08007518                NN::get_num_frames()
 .text._ZN2NN19get_num_out_classesEv
                0x08007530       0x18 MLKWS/NN/nn.o
                0x08007530                NN::get_num_out_classes()
 .text._ZN2NN15get_in_dec_bitsEv
                0x08007548       0x18 MLKWS/NN/nn.o
                0x08007548                NN::get_in_dec_bits()
 .text.USBD_CDC_SetTxBuffer
                0x08007560       0x10 Middlewares/STM32_USB_Device_Library/usbd_cdc.o
                0x08007560                USBD_CDC_SetTxBuffer
 .text.USBD_CDC_TransmitPacket
                0x08007570       0x30 Middlewares/STM32_USB_Device_Library/usbd_cdc.o
                0x08007570                USBD_CDC_TransmitPacket
 .text.USBD_SetClassConfig
                0x080075a0       0x14 Middlewares/STM32_USB_Device_Library/usbd_core.o
                0x080075a0                USBD_SetClassConfig
 .text.USBD_ClrClassConfig
                0x080075b4       0x10 Middlewares/STM32_USB_Device_Library/usbd_core.o
                0x080075b4                USBD_ClrClassConfig
 .text.USBD_LL_SetupStage
                0x080075c4       0x60 Middlewares/STM32_USB_Device_Library/usbd_core.o
                0x080075c4                USBD_LL_SetupStage
 .text.USBD_LL_DataOutStage
                0x08007624       0x6c Middlewares/STM32_USB_Device_Library/usbd_core.o
                0x08007624                USBD_LL_DataOutStage
 .text.USBD_LL_DataInStage
                0x08007690       0xa4 Middlewares/STM32_USB_Device_Library/usbd_core.o
                0x08007690                USBD_LL_DataInStage
 .text.USBD_LL_Reset
                0x08007734       0x40 Middlewares/STM32_USB_Device_Library/usbd_core.o
                0x08007734                USBD_LL_Reset
 .text.USBD_LL_SetSpeed
                0x08007774        0x8 Middlewares/STM32_USB_Device_Library/usbd_core.o
                0x08007774                USBD_LL_SetSpeed
 .text.USBD_LL_Suspend
                0x0800777c       0x14 Middlewares/STM32_USB_Device_Library/usbd_core.o
                0x0800777c                USBD_LL_Suspend
 .text.USBD_LL_Resume
                0x08007790       0x10 Middlewares/STM32_USB_Device_Library/usbd_core.o
                0x08007790                USBD_LL_Resume
 .text.USBD_LL_SOF
                0x080077a0       0x1c Middlewares/STM32_USB_Device_Library/usbd_core.o
                0x080077a0                USBD_LL_SOF
 .text.USBD_LL_IsoINIncomplete
                0x080077bc        0x4 Middlewares/STM32_USB_Device_Library/usbd_core.o
                0x080077bc                USBD_LL_IsoINIncomplete
 .text.USBD_LL_IsoOUTIncomplete
                0x080077c0        0x4 Middlewares/STM32_USB_Device_Library/usbd_core.o
                0x080077c0                USBD_LL_IsoOUTIncomplete
 .text.USBD_LL_DevConnected
                0x080077c4        0x4 Middlewares/STM32_USB_Device_Library/usbd_core.o
                0x080077c4                USBD_LL_DevConnected
 .text.USBD_LL_DevDisconnected
                0x080077c8       0x18 Middlewares/STM32_USB_Device_Library/usbd_core.o
                0x080077c8                USBD_LL_DevDisconnected
 .text.USBD_StdDevReq
                0x080077e0      0x2a0 Middlewares/STM32_USB_Device_Library/usbd_ctlreq.o
                0x080077e0                USBD_StdDevReq
 .text.USBD_StdItfReq
                0x08007a80       0x3c Middlewares/STM32_USB_Device_Library/usbd_ctlreq.o
                0x08007a80                USBD_StdItfReq
 .text.USBD_StdEPReq
                0x08007abc       0xd0 Middlewares/STM32_USB_Device_Library/usbd_ctlreq.o
                0x08007abc                USBD_StdEPReq
 .text.USBD_ParseSetupRequest
                0x08007b8c       0x28 Middlewares/STM32_USB_Device_Library/usbd_ctlreq.o
                0x08007b8c                USBD_ParseSetupRequest
 .text.USBD_CtlSendData
                0x08007bb4       0x1c Middlewares/STM32_USB_Device_Library/usbd_ioreq.o
                0x08007bb4                USBD_CtlSendData
 .text.USBD_CtlContinueSendData
                0x08007bd0       0x10 Middlewares/STM32_USB_Device_Library/usbd_ioreq.o
                0x08007bd0                USBD_CtlContinueSendData
 .text.USBD_CtlContinueRx
                0x08007be0       0x10 Middlewares/STM32_USB_Device_Library/usbd_ioreq.o
                0x08007be0                USBD_CtlContinueRx
 .text.USBD_CtlSendStatus
                0x08007bf0       0x18 Middlewares/STM32_USB_Device_Library/usbd_ioreq.o
                0x08007bf0                USBD_CtlSendStatus
 .text.USBD_CtlReceiveStatus
                0x08007c08       0x18 Middlewares/STM32_USB_Device_Library/usbd_ioreq.o
                0x08007c08                USBD_CtlReceiveStatus
 .text._Znwj    0x08007c20       0x22 c:/ac6/systemworkbench/plugins/fr.ac6.mcu.externaltools.arm-none.win32_1.15.0.201708311556/tools/compiler/bin/../lib/gcc/arm-none-eabi/6.3.1/../../../../arm-none-eabi/lib/thumb/v7e-m/fpv4-sp/hard\libstdc++_nano.a(new_op.o)
                0x08007c20                operator new(unsigned int)
 .text._Znaj    0x08007c42        0x4 c:/ac6/systemworkbench/plugins/fr.ac6.mcu.externaltools.arm-none.win32_1.15.0.201708311556/tools/compiler/bin/../lib/gcc/arm-none-eabi/6.3.1/../../../../arm-none-eabi/lib/thumb/v7e-m/fpv4-sp/hard\libstdc++_nano.a(new_opv.o)
                0x08007c42                operator new[](unsigned int)
 .text._ZdaPv   0x08007c46        0x4 c:/ac6/systemworkbench/plugins/fr.ac6.mcu.externaltools.arm-none.win32_1.15.0.201708311556/tools/compiler/bin/../lib/gcc/arm-none-eabi/6.3.1/../../../../arm-none-eabi/lib/thumb/v7e-m/fpv4-sp/hard\libstdc++_nano.a(del_opv.o)
                0x08007c46                operator delete[](void*)
 .text._ZdlPvj  0x08007c4a        0x4 c:/ac6/systemworkbench/plugins/fr.ac6.mcu.externaltools.arm-none.win32_1.15.0.201708311556/tools/compiler/bin/../lib/gcc/arm-none-eabi/6.3.1/../../../../arm-none-eabi/lib/thumb/v7e-m/fpv4-sp/hard\libstdc++_nano.a(del_ops.o)
                0x08007c4a                operator delete(void*, unsigned int)
 *fill*         0x08007c4e        0x2 
 .text._ZSt15get_new_handlerv
                0x08007c50       0x10 c:/ac6/systemworkbench/plugins/fr.ac6.mcu.externaltools.arm-none.win32_1.15.0.201708311556/tools/compiler/bin/../lib/gcc/arm-none-eabi/6.3.1/../../../../arm-none-eabi/lib/thumb/v7e-m/fpv4-sp/hard\libstdc++_nano.a(new_handler.o)
                0x08007c50                std::get_new_handler()
 .text._ZdlPv   0x08007c60        0x4 c:/ac6/systemworkbench/plugins/fr.ac6.mcu.externaltools.arm-none.win32_1.15.0.201708311556/tools/compiler/bin/../lib/gcc/arm-none-eabi/6.3.1/../../../../arm-none-eabi/lib/thumb/v7e-m/fpv4-sp/hard\libstdc++_nano.a(del_op.o)
                0x08007c60                operator delete(void*)
 .text.__cxa_pure_virtual
                0x08007c64        0x6 c:/ac6/systemworkbench/plugins/fr.ac6.mcu.externaltools.arm-none.win32_1.15.0.201708311556/tools/compiler/bin/../lib/gcc/arm-none-eabi/6.3.1/../../../../arm-none-eabi/lib/thumb/v7e-m/fpv4-sp/hard\libstdc++_nano.a(pure.o)
                0x08007c64                __cxa_pure_virtual
 .text._ZN10__cxxabiv111__terminateEPFvvE
                0x08007c6a        0x8 c:/ac6/systemworkbench/plugins/fr.ac6.mcu.externaltools.arm-none.win32_1.15.0.201708311556/tools/compiler/bin/../lib/gcc/arm-none-eabi/6.3.1/../../../../arm-none-eabi/lib/thumb/v7e-m/fpv4-sp/hard\libstdc++_nano.a(eh_terminate.o)
                0x08007c6a                __cxxabiv1::__terminate(void (*)())
 *fill*         0x08007c72        0x2 
 .text._ZSt13get_terminatev
                0x08007c74       0x10 c:/ac6/systemworkbench/plugins/fr.ac6.mcu.externaltools.arm-none.win32_1.15.0.201708311556/tools/compiler/bin/../lib/gcc/arm-none-eabi/6.3.1/../../../../arm-none-eabi/lib/thumb/v7e-m/fpv4-sp/hard\libstdc++_nano.a(eh_terminate.o)
                0x08007c74                std::get_terminate()
 .text._ZSt9terminatev
                0x08007c84        0xa c:/ac6/systemworkbench/plugins/fr.ac6.mcu.externaltools.arm-none.win32_1.15.0.201708311556/tools/compiler/bin/../lib/gcc/arm-none-eabi/6.3.1/../../../../arm-none-eabi/lib/thumb/v7e-m/fpv4-sp/hard\libstdc++_nano.a(eh_terminate.o)
                0x08007c84                std::terminate()
 *fill*         0x08007c8e        0x2 
 .text.ceil     0x08007c90      0x128 c:/ac6/systemworkbench/plugins/fr.ac6.mcu.externaltools.arm-none.win32_1.15.0.201708311556/tools/compiler/bin/../lib/gcc/arm-none-eabi/6.3.1/../../../../arm-none-eabi/lib/thumb/v7e-m/fpv4-sp/hard\libm.a(lib_a-s_ceil.o)
                0x08007c90                ceil
 .text.cos      0x08007db8       0xc0 c:/ac6/systemworkbench/plugins/fr.ac6.mcu.externaltools.arm-none.win32_1.15.0.201708311556/tools/compiler/bin/../lib/gcc/arm-none-eabi/6.3.1/../../../../arm-none-eabi/lib/thumb/v7e-m/fpv4-sp/hard\libm.a(lib_a-s_cos.o)
                0x08007db8                cos
 .text.roundf   0x08007e78       0x60 c:/ac6/systemworkbench/plugins/fr.ac6.mcu.externaltools.arm-none.win32_1.15.0.201708311556/tools/compiler/bin/../lib/gcc/arm-none-eabi/6.3.1/../../../../arm-none-eabi/lib/thumb/v7e-m/fpv4-sp/hard\libm.a(lib_a-sf_round.o)
                0x08007e78                roundf
 .text.log      0x08007ed8      0x108 c:/ac6/systemworkbench/plugins/fr.ac6.mcu.externaltools.arm-none.win32_1.15.0.201708311556/tools/compiler/bin/../lib/gcc/arm-none-eabi/6.3.1/../../../../arm-none-eabi/lib/thumb/v7e-m/fpv4-sp/hard\libm.a(lib_a-w_log.o)
                0x08007ed8                log
 .text.pow      0x08007fe0      0x320 c:/ac6/systemworkbench/plugins/fr.ac6.mcu.externaltools.arm-none.win32_1.15.0.201708311556/tools/compiler/bin/../lib/gcc/arm-none-eabi/6.3.1/../../../../arm-none-eabi/lib/thumb/v7e-m/fpv4-sp/hard\libm.a(lib_a-w_pow.o)
                0x08007fe0                pow
 .text.logf     0x08008300       0xf8 c:/ac6/systemworkbench/plugins/fr.ac6.mcu.externaltools.arm-none.win32_1.15.0.201708311556/tools/compiler/bin/../lib/gcc/arm-none-eabi/6.3.1/../../../../arm-none-eabi/lib/thumb/v7e-m/fpv4-sp/hard\libm.a(lib_a-wf_log.o)
                0x08008300                logf
 .text.sqrtf    0x080083f8       0xac c:/ac6/systemworkbench/plugins/fr.ac6.mcu.externaltools.arm-none.win32_1.15.0.201708311556/tools/compiler/bin/../lib/gcc/arm-none-eabi/6.3.1/../../../../arm-none-eabi/lib/thumb/v7e-m/fpv4-sp/hard\libm.a(lib_a-wf_sqrt.o)
                0x080083f8                sqrtf
 *fill*         0x080084a4        0x4 
 .text.__ieee754_log
                0x080084a8      0x408 c:/ac6/systemworkbench/plugins/fr.ac6.mcu.externaltools.arm-none.win32_1.15.0.201708311556/tools/compiler/bin/../lib/gcc/arm-none-eabi/6.3.1/../../../../arm-none-eabi/lib/thumb/v7e-m/fpv4-sp/hard\libm.a(lib_a-e_log.o)
                0x080084a8                __ieee754_log
 .text.__ieee754_pow
                0x080088b0      0xae0 c:/ac6/systemworkbench/plugins/fr.ac6.mcu.externaltools.arm-none.win32_1.15.0.201708311556/tools/compiler/bin/../lib/gcc/arm-none-eabi/6.3.1/../../../../arm-none-eabi/lib/thumb/v7e-m/fpv4-sp/hard\libm.a(lib_a-e_pow.o)
                0x080088b0                __ieee754_pow
 .text.__ieee754_rem_pio2
                0x08009390      0x44c c:/ac6/systemworkbench/plugins/fr.ac6.mcu.externaltools.arm-none.win32_1.15.0.201708311556/tools/compiler/bin/../lib/gcc/arm-none-eabi/6.3.1/../../../../arm-none-eabi/lib/thumb/v7e-m/fpv4-sp/hard\libm.a(lib_a-e_rem_pio2.o)
                0x08009390                __ieee754_rem_pio2
 .text.__ieee754_sqrt
                0x080097dc      0x198 c:/ac6/systemworkbench/plugins/fr.ac6.mcu.externaltools.arm-none.win32_1.15.0.201708311556/tools/compiler/bin/../lib/gcc/arm-none-eabi/6.3.1/../../../../arm-none-eabi/lib/thumb/v7e-m/fpv4-sp/hard\libm.a(lib_a-e_sqrt.o)
                0x080097dc                __ieee754_sqrt
 .text.__ieee754_logf
                0x08009974      0x218 c:/ac6/systemworkbench/plugins/fr.ac6.mcu.externaltools.arm-none.win32_1.15.0.201708311556/tools/compiler/bin/../lib/gcc/arm-none-eabi/6.3.1/../../../../arm-none-eabi/lib/thumb/v7e-m/fpv4-sp/hard\libm.a(lib_a-ef_log.o)
                0x08009974                __ieee754_logf
 .text.__ieee754_sqrtf
                0x08009b8c        0x8 c:/ac6/systemworkbench/plugins/fr.ac6.mcu.externaltools.arm-none.win32_1.15.0.201708311556/tools/compiler/bin/../lib/gcc/arm-none-eabi/6.3.1/../../../../arm-none-eabi/lib/thumb/v7e-m/fpv4-sp/hard\libm.a(lib_a-ef_sqrt.o)
                0x08009b8c                __ieee754_sqrtf
 *fill*         0x08009b94        0x4 
 .text.__kernel_cos
                0x08009b98      0x284 c:/ac6/systemworkbench/plugins/fr.ac6.mcu.externaltools.arm-none.win32_1.15.0.201708311556/tools/compiler/bin/../lib/gcc/arm-none-eabi/6.3.1/../../../../arm-none-eabi/lib/thumb/v7e-m/fpv4-sp/hard\libm.a(lib_a-k_cos.o)
                0x08009b98                __kernel_cos
 *fill*         0x08009e1c        0x4 
 .text.__kernel_rem_pio2
                0x08009e20      0x870 c:/ac6/systemworkbench/plugins/fr.ac6.mcu.externaltools.arm-none.win32_1.15.0.201708311556/tools/compiler/bin/../lib/gcc/arm-none-eabi/6.3.1/../../../../arm-none-eabi/lib/thumb/v7e-m/fpv4-sp/hard\libm.a(lib_a-k_rem_pio2.o)
                0x08009e20                __kernel_rem_pio2
 .text.__kernel_sin
                0x0800a690      0x194 c:/ac6/systemworkbench/plugins/fr.ac6.mcu.externaltools.arm-none.win32_1.15.0.201708311556/tools/compiler/bin/../lib/gcc/arm-none-eabi/6.3.1/../../../../arm-none-eabi/lib/thumb/v7e-m/fpv4-sp/hard\libm.a(lib_a-k_sin.o)
                0x0800a690                __kernel_sin
 .text.fabs     0x0800a824       0x10 c:/ac6/systemworkbench/plugins/fr.ac6.mcu.externaltools.arm-none.win32_1.15.0.201708311556/tools/compiler/bin/../lib/gcc/arm-none-eabi/6.3.1/../../../../arm-none-eabi/lib/thumb/v7e-m/fpv4-sp/hard\libm.a(lib_a-s_fabs.o)
                0x0800a824                fabs
 .text.finite   0x0800a834       0x10 c:/ac6/systemworkbench/plugins/fr.ac6.mcu.externaltools.arm-none.win32_1.15.0.201708311556/tools/compiler/bin/../lib/gcc/arm-none-eabi/6.3.1/../../../../arm-none-eabi/lib/thumb/v7e-m/fpv4-sp/hard\libm.a(lib_a-s_finite.o)
                0x0800a834                finite
 *fill*         0x0800a844        0x4 
 .text.floor    0x0800a848      0x120 c:/ac6/systemworkbench/plugins/fr.ac6.mcu.externaltools.arm-none.win32_1.15.0.201708311556/tools/compiler/bin/../lib/gcc/arm-none-eabi/6.3.1/../../../../arm-none-eabi/lib/thumb/v7e-m/fpv4-sp/hard\libm.a(lib_a-s_floor.o)
                0x0800a848                floor
 .text.matherr  0x0800a968        0x4 c:/ac6/systemworkbench/plugins/fr.ac6.mcu.externaltools.arm-none.win32_1.15.0.201708311556/tools/compiler/bin/../lib/gcc/arm-none-eabi/6.3.1/../../../../arm-none-eabi/lib/thumb/v7e-m/fpv4-sp/hard\libm.a(lib_a-s_matherr.o)
                0x0800a968                matherr
 *fill*         0x0800a96c        0x4 
 .text.nan      0x0800a970       0x10 c:/ac6/systemworkbench/plugins/fr.ac6.mcu.externaltools.arm-none.win32_1.15.0.201708311556/tools/compiler/bin/../lib/gcc/arm-none-eabi/6.3.1/../../../../arm-none-eabi/lib/thumb/v7e-m/fpv4-sp/hard\libm.a(lib_a-s_nan.o)
                0x0800a970                nan
 .text.rint     0x0800a980      0x124 c:/ac6/systemworkbench/plugins/fr.ac6.mcu.externaltools.arm-none.win32_1.15.0.201708311556/tools/compiler/bin/../lib/gcc/arm-none-eabi/6.3.1/../../../../arm-none-eabi/lib/thumb/v7e-m/fpv4-sp/hard\libm.a(lib_a-s_rint.o)
                0x0800a980                rint
 *fill*         0x0800aaa4        0x4 
 .text.scalbn   0x0800aaa8      0x10c c:/ac6/systemworkbench/plugins/fr.ac6.mcu.externaltools.arm-none.win32_1.15.0.201708311556/tools/compiler/bin/../lib/gcc/arm-none-eabi/6.3.1/../../../../arm-none-eabi/lib/thumb/v7e-m/fpv4-sp/hard\libm.a(lib_a-s_scalbn.o)
                0x0800aaa8                scalbn
 .text.copysign
                0x0800abb4       0x1c c:/ac6/systemworkbench/plugins/fr.ac6.mcu.externaltools.arm-none.win32_1.15.0.201708311556/tools/compiler/bin/../lib/gcc/arm-none-eabi/6.3.1/../../../../arm-none-eabi/lib/thumb/v7e-m/fpv4-sp/hard\libm.a(lib_a-s_copysign.o)
                0x0800abb4                copysign
 .text.abort    0x0800abd0        0xe c:/ac6/systemworkbench/plugins/fr.ac6.mcu.externaltools.arm-none.win32_1.15.0.201708311556/tools/compiler/bin/../lib/gcc/arm-none-eabi/6.3.1/../../../../arm-none-eabi/lib/thumb/v7e-m/fpv4-sp/hard\libc_nano.a(lib_a-abort.o)
                0x0800abd0                abort
 *fill*         0x0800abde        0x2 
 .text.__errno  0x0800abe0        0xc c:/ac6/systemworkbench/plugins/fr.ac6.mcu.externaltools.arm-none.win32_1.15.0.201708311556/tools/compiler/bin/../lib/gcc/arm-none-eabi/6.3.1/../../../../arm-none-eabi/lib/thumb/v7e-m/fpv4-sp/hard\libc_nano.a(lib_a-errno.o)
                0x0800abe0                __errno
 .text.__libc_init_array
                0x0800abec       0x48 c:/ac6/systemworkbench/plugins/fr.ac6.mcu.externaltools.arm-none.win32_1.15.0.201708311556/tools/compiler/bin/../lib/gcc/arm-none-eabi/6.3.1/../../../../arm-none-eabi/lib/thumb/v7e-m/fpv4-sp/hard\libc_nano.a(lib_a-init.o)
                0x0800abec                __libc_init_array
 .text.malloc   0x0800ac34       0x10 c:/ac6/systemworkbench/plugins/fr.ac6.mcu.externaltools.arm-none.win32_1.15.0.201708311556/tools/compiler/bin/../lib/gcc/arm-none-eabi/6.3.1/../../../../arm-none-eabi/lib/thumb/v7e-m/fpv4-sp/hard\libc_nano.a(lib_a-malloc.o)
                0x0800ac34                malloc
 .text.free     0x0800ac44       0x10 c:/ac6/systemworkbench/plugins/fr.ac6.mcu.externaltools.arm-none.win32_1.15.0.201708311556/tools/compiler/bin/../lib/gcc/arm-none-eabi/6.3.1/../../../../arm-none-eabi/lib/thumb/v7e-m/fpv4-sp/hard\libc_nano.a(lib_a-malloc.o)
                0x0800ac44                free
 .text.memmove  0x0800ac54       0x34 c:/ac6/systemworkbench/plugins/fr.ac6.mcu.externaltools.arm-none.win32_1.15.0.201708311556/tools/compiler/bin/../lib/gcc/arm-none-eabi/6.3.1/../../../../arm-none-eabi/lib/thumb/v7e-m/fpv4-sp/hard\libc_nano.a(lib_a-memmove.o)
                0x0800ac54                memmove
 .text.memset   0x0800ac88       0x10 c:/ac6/systemworkbench/plugins/fr.ac6.mcu.externaltools.arm-none.win32_1.15.0.201708311556/tools/compiler/bin/../lib/gcc/arm-none-eabi/6.3.1/../../../../arm-none-eabi/lib/thumb/v7e-m/fpv4-sp/hard\libc_nano.a(lib_a-memset.o)
                0x0800ac88                memset
 .text._free_r  0x0800ac98       0x9c c:/ac6/systemworkbench/plugins/fr.ac6.mcu.externaltools.arm-none.win32_1.15.0.201708311556/tools/compiler/bin/../lib/gcc/arm-none-eabi/6.3.1/../../../../arm-none-eabi/lib/thumb/v7e-m/fpv4-sp/hard\libc_nano.a(lib_a-nano-freer.o)
                0x0800ac98                _free_r
 .text._malloc_r
                0x0800ad34       0xbc c:/ac6/systemworkbench/plugins/fr.ac6.mcu.externaltools.arm-none.win32_1.15.0.201708311556/tools/compiler/bin/../lib/gcc/arm-none-eabi/6.3.1/../../../../arm-none-eabi/lib/thumb/v7e-m/fpv4-sp/hard\libc_nano.a(lib_a-nano-mallocr.o)
                0x0800ad34                _malloc_r
 .text._sbrk_r  0x0800adf0       0x20 c:/ac6/systemworkbench/plugins/fr.ac6.mcu.externaltools.arm-none.win32_1.15.0.201708311556/tools/compiler/bin/../lib/gcc/arm-none-eabi/6.3.1/../../../../arm-none-eabi/lib/thumb/v7e-m/fpv4-sp/hard\libc_nano.a(lib_a-sbrkr.o)
                0x0800adf0                _sbrk_r
 .text._raise_r
                0x0800ae10       0x50 c:/ac6/systemworkbench/plugins/fr.ac6.mcu.externaltools.arm-none.win32_1.15.0.201708311556/tools/compiler/bin/../lib/gcc/arm-none-eabi/6.3.1/../../../../arm-none-eabi/lib/thumb/v7e-m/fpv4-sp/hard\libc_nano.a(lib_a-signal.o)
                0x0800ae10                _raise_r
 .text.raise    0x0800ae60       0x10 c:/ac6/systemworkbench/plugins/fr.ac6.mcu.externaltools.arm-none.win32_1.15.0.201708311556/tools/compiler/bin/../lib/gcc/arm-none-eabi/6.3.1/../../../../arm-none-eabi/lib/thumb/v7e-m/fpv4-sp/hard\libc_nano.a(lib_a-signal.o)
                0x0800ae60                raise
 .text._kill_r  0x0800ae70       0x24 c:/ac6/systemworkbench/plugins/fr.ac6.mcu.externaltools.arm-none.win32_1.15.0.201708311556/tools/compiler/bin/../lib/gcc/arm-none-eabi/6.3.1/../../../../arm-none-eabi/lib/thumb/v7e-m/fpv4-sp/hard\libc_nano.a(lib_a-signalr.o)
                0x0800ae70                _kill_r
 .text._getpid_r
                0x0800ae94        0x4 c:/ac6/systemworkbench/plugins/fr.ac6.mcu.externaltools.arm-none.win32_1.15.0.201708311556/tools/compiler/bin/../lib/gcc/arm-none-eabi/6.3.1/../../../../arm-none-eabi/lib/thumb/v7e-m/fpv4-sp/hard\libc_nano.a(lib_a-signalr.o)
                0x0800ae94                _getpid_r
 .text.__malloc_lock
                0x0800ae98        0x2 c:/ac6/systemworkbench/plugins/fr.ac6.mcu.externaltools.arm-none.win32_1.15.0.201708311556/tools/compiler/bin/../lib/gcc/arm-none-eabi/6.3.1/../../../../arm-none-eabi/lib/thumb/v7e-m/fpv4-sp/hard\libc_nano.a(lib_a-mlock.o)
                0x0800ae98                __malloc_lock
 .text.__malloc_unlock
                0x0800ae9a        0x2 c:/ac6/systemworkbench/plugins/fr.ac6.mcu.externaltools.arm-none.win32_1.15.0.201708311556/tools/compiler/bin/../lib/gcc/arm-none-eabi/6.3.1/../../../../arm-none-eabi/lib/thumb/v7e-m/fpv4-sp/hard\libc_nano.a(lib_a-mlock.o)
                0x0800ae9a                __malloc_unlock
 *(.glue_7)
 .glue_7        0x0800ae9c        0x0 linker stubs
 *(.glue_7t)
 .glue_7t       0x0800ae9c        0x0 linker stubs
 *(.eh_frame)
 .eh_frame      0x0800ae9c        0x0 c:/ac6/systemworkbench/plugins/fr.ac6.mcu.externaltools.arm-none.win32_1.15.0.201708311556/tools/compiler/bin/../lib/gcc/arm-none-eabi/6.3.1/thumb/v7e-m/fpv4-sp/hard/crtbegin.o
 *(.init)
 .init          0x0800ae9c        0x4 c:/ac6/systemworkbench/plugins/fr.ac6.mcu.externaltools.arm-none.win32_1.15.0.201708311556/tools/compiler/bin/../lib/gcc/arm-none-eabi/6.3.1/thumb/v7e-m/fpv4-sp/hard/crti.o
                0x0800ae9c                _init
 .init          0x0800aea0        0x8 c:/ac6/systemworkbench/plugins/fr.ac6.mcu.externaltools.arm-none.win32_1.15.0.201708311556/tools/compiler/bin/../lib/gcc/arm-none-eabi/6.3.1/thumb/v7e-m/fpv4-sp/hard/crtn.o
 *(.fini)
 .fini          0x0800aea8        0x4 c:/ac6/systemworkbench/plugins/fr.ac6.mcu.externaltools.arm-none.win32_1.15.0.201708311556/tools/compiler/bin/../lib/gcc/arm-none-eabi/6.3.1/thumb/v7e-m/fpv4-sp/hard/crti.o
                0x0800aea8                _fini
 .fini          0x0800aeac        0x8 c:/ac6/systemworkbench/plugins/fr.ac6.mcu.externaltools.arm-none.win32_1.15.0.201708311556/tools/compiler/bin/../lib/gcc/arm-none-eabi/6.3.1/thumb/v7e-m/fpv4-sp/hard/crtn.o
                0x0800aeb8                . = ALIGN (0x8)
 *fill*         0x0800aeb4        0x4 
                0x0800aeb8                _etext = .

.vfp11_veneer   0x0800aeb8        0x0
 .vfp11_veneer  0x0800aeb8        0x0 linker stubs

.v4_bx          0x0800aeb8        0x0
 .v4_bx         0x0800aeb8        0x0 linker stubs

.iplt           0x0800aeb8        0x0
 .iplt          0x0800aeb8        0x0 c:/ac6/systemworkbench/plugins/fr.ac6.mcu.externaltools.arm-none.win32_1.15.0.201708311556/tools/compiler/bin/../lib/gcc/arm-none-eabi/6.3.1/thumb/v7e-m/fpv4-sp/hard/crtbegin.o

.rodata         0x0800aeb8    0x48858
                0x0800aeb8                . = ALIGN (0x8)
 *(.rodata)
 .rodata        0x0800aeb8    0x34ecc CMSIS/DSP/CommonTables/arm_common_tables.o
                0x0800aeb8                sinTable_q15
                0x0800b2bc                sinTable_q31
                0x0800bac0                sinTable_f32
                0x0800c2c4                twiddleCoef_rfft_4096
                0x080102c4                twiddleCoef_rfft_2048
                0x080122c4                twiddleCoef_rfft_1024
                0x080132c4                twiddleCoef_rfft_512
                0x08013ac4                twiddleCoef_rfft_256
                0x08013ec4                twiddleCoef_rfft_128
                0x080140c4                twiddleCoef_rfft_64
                0x080141c4                twiddleCoef_rfft_32
                0x08014244                armBitRevIndexTable_fixed_4096
                0x080161c4                armBitRevIndexTable_fixed_2048
                0x08017144                armBitRevIndexTable_fixed_1024
                0x08017904                armBitRevIndexTable_fixed_512
                0x08017cc4                armBitRevIndexTable_fixed_256
                0x08017ea4                armBitRevIndexTable_fixed_128
                0x08017f84                armBitRevIndexTable_fixed_64
                0x08017ff4                armBitRevIndexTable_fixed_32
                0x08018024                armBitRevIndexTable_fixed_16
                0x0801803c                armBitRevIndexTable4096
                0x08019fbc                armBitRevIndexTable2048
                0x0801bd7c                armBitRevIndexTable1024
                0x0801cb8c                armBitRevIndexTable512
                0x0801cf0c                armBitRevIndexTable256
                0x0801d27c                armBitRevIndexTable128
                0x0801d41c                armBitRevIndexTable64
                0x0801d48c                armBitRevIndexTable32
                0x0801d4ec                armBitRevIndexTable16
                0x0801d514                armRecipTableQ31
                0x0801d614                armRecipTableQ15
                0x0801d694                twiddleCoef_4096_q15
                0x08020694                twiddleCoef_2048_q15
                0x08021e94                twiddleCoef_1024_q15
                0x08022a94                twiddleCoef_512_q15
                0x08023094                twiddleCoef_256_q15
                0x08023394                twiddleCoef_128_q15
                0x08023514                twiddleCoef_64_q15
                0x080235d4                twiddleCoef_32_q15
                0x08023634                twiddleCoef_16_q15
                0x08023664                twiddleCoef_4096_q31
                0x08029664                twiddleCoef_2048_q31
                0x0802c664                twiddleCoef_1024_q31
                0x0802de64                twiddleCoef_512_q31
                0x0802ea64                twiddleCoef_256_q31
                0x0802f064                twiddleCoef_128_q31
                0x0802f364                twiddleCoef_64_q31
                0x0802f4e4                twiddleCoef_32_q31
                0x0802f5a4                twiddleCoef_16_q31
                0x0802f604                twiddleCoef_4096
                0x08037604                twiddleCoef_2048
                0x0803b604                twiddleCoef_1024
                0x0803d604                twiddleCoef_512
                0x0803e604                twiddleCoef_256
                0x0803ee04                twiddleCoef_128
                0x0803f204                twiddleCoef_64
                0x0803f404                twiddleCoef_32
                0x0803f504                twiddleCoef_16
                0x0803f584                armBitRevTable
 .rodata        0x0803fd84       0x48 Drivers/CMSIS/system_stm32l4xx.o
                0x0803fd84                MSIRangeTable
                0x0803fdb4                AHBPrescTable
                0x0803fdc4                APBPrescTable
 .rodata        0x0803fdcc    0x13730 MLKWS/NN/DNN/dnn.o
                0x0803fdcc                DNN::ip1_wt
                0x08048a6c                DNN::ip1_bias
                0x08048afc                DNN::ip2_wt
                0x0804dbfc                DNN::ip2_bias
                0x0804dc8c                DNN::ip3_wt
                0x08052d8c                DNN::ip3_bias
                0x08052e1c                DNN::ip4_wt
                0x080534dc                DNN::ip4_bias
                0x080534e8                vtable for DNN
 .rodata        0x080534fc       0x14 MLKWS/NN/nn.o
                0x080534fc                vtable for NN
 *(.rodata*)
 .rodata.log.str1.4
                0x08053510        0x4 c:/ac6/systemworkbench/plugins/fr.ac6.mcu.externaltools.arm-none.win32_1.15.0.201708311556/tools/compiler/bin/../lib/gcc/arm-none-eabi/6.3.1/../../../../arm-none-eabi/lib/thumb/v7e-m/fpv4-sp/hard\libm.a(lib_a-w_log.o)
                                  0x5 (size before relaxing)
 .rodata.pow.str1.4
                0x08053514        0x4 c:/ac6/systemworkbench/plugins/fr.ac6.mcu.externaltools.arm-none.win32_1.15.0.201708311556/tools/compiler/bin/../lib/gcc/arm-none-eabi/6.3.1/../../../../arm-none-eabi/lib/thumb/v7e-m/fpv4-sp/hard\libm.a(lib_a-w_pow.o)
 .rodata.logf.str1.4
                0x08053518        0x5 c:/ac6/systemworkbench/plugins/fr.ac6.mcu.externaltools.arm-none.win32_1.15.0.201708311556/tools/compiler/bin/../lib/gcc/arm-none-eabi/6.3.1/../../../../arm-none-eabi/lib/thumb/v7e-m/fpv4-sp/hard\libm.a(lib_a-wf_log.o)
                                  0x9 (size before relaxing)
 *fill*         0x0805351d        0x3 
 .rodata.sqrtf.str1.4
                0x08053520        0x8 c:/ac6/systemworkbench/plugins/fr.ac6.mcu.externaltools.arm-none.win32_1.15.0.201708311556/tools/compiler/bin/../lib/gcc/arm-none-eabi/6.3.1/../../../../arm-none-eabi/lib/thumb/v7e-m/fpv4-sp/hard\libm.a(lib_a-wf_sqrt.o)
                                  0x6 (size before relaxing)
 .rodata.__ieee754_pow.str1.4
                0x08053528        0x1 c:/ac6/systemworkbench/plugins/fr.ac6.mcu.externaltools.arm-none.win32_1.15.0.201708311556/tools/compiler/bin/../lib/gcc/arm-none-eabi/6.3.1/../../../../arm-none-eabi/lib/thumb/v7e-m/fpv4-sp/hard\libm.a(lib_a-e_pow.o)
 .rodata.npio2_hw
                0x08053528       0x80 c:/ac6/systemworkbench/plugins/fr.ac6.mcu.externaltools.arm-none.win32_1.15.0.201708311556/tools/compiler/bin/../lib/gcc/arm-none-eabi/6.3.1/../../../../arm-none-eabi/lib/thumb/v7e-m/fpv4-sp/hard\libm.a(lib_a-e_rem_pio2.o)
 .rodata.two_over_pi
                0x080535a8      0x108 c:/ac6/systemworkbench/plugins/fr.ac6.mcu.externaltools.arm-none.win32_1.15.0.201708311556/tools/compiler/bin/../lib/gcc/arm-none-eabi/6.3.1/../../../../arm-none-eabi/lib/thumb/v7e-m/fpv4-sp/hard\libm.a(lib_a-e_rem_pio2.o)
 .rodata.PIo2   0x080536b0       0x40 c:/ac6/systemworkbench/plugins/fr.ac6.mcu.externaltools.arm-none.win32_1.15.0.201708311556/tools/compiler/bin/../lib/gcc/arm-none-eabi/6.3.1/../../../../arm-none-eabi/lib/thumb/v7e-m/fpv4-sp/hard\libm.a(lib_a-k_rem_pio2.o)
 .rodata.init_jk
                0x080536f0       0x10 c:/ac6/systemworkbench/plugins/fr.ac6.mcu.externaltools.arm-none.win32_1.15.0.201708311556/tools/compiler/bin/../lib/gcc/arm-none-eabi/6.3.1/../../../../arm-none-eabi/lib/thumb/v7e-m/fpv4-sp/hard\libm.a(lib_a-k_rem_pio2.o)
 .rodata.TWO52  0x08053700       0x10 c:/ac6/systemworkbench/plugins/fr.ac6.mcu.externaltools.arm-none.win32_1.15.0.201708311556/tools/compiler/bin/../lib/gcc/arm-none-eabi/6.3.1/../../../../arm-none-eabi/lib/thumb/v7e-m/fpv4-sp/hard\libm.a(lib_a-s_rint.o)
                0x08053710                . = ALIGN (0x8)

.rel.dyn        0x08053710        0x0
 .rel.iplt      0x08053710        0x0 c:/ac6/systemworkbench/plugins/fr.ac6.mcu.externaltools.arm-none.win32_1.15.0.201708311556/tools/compiler/bin/../lib/gcc/arm-none-eabi/6.3.1/thumb/v7e-m/fpv4-sp/hard/crtbegin.o

.ARM.extab
 *(.ARM.extab* .gnu.linkonce.armextab.*)

.ARM            0x08053710        0x0
                0x08053710                __exidx_start = .
 *(.ARM.exidx*)
                0x08053710                __exidx_end = .

.preinit_array  0x08053710        0x0
                0x08053710                PROVIDE (__preinit_array_start, .)
 *(.preinit_array*)
                0x08053710                PROVIDE (__preinit_array_end, .)

.init_array     0x08053710        0x8
                0x08053710                PROVIDE (__init_array_start, .)
 *(SORT(.init_array.*))
 *(.init_array*)
 .init_array    0x08053710        0x4 c:/ac6/systemworkbench/plugins/fr.ac6.mcu.externaltools.arm-none.win32_1.15.0.201708311556/tools/compiler/bin/../lib/gcc/arm-none-eabi/6.3.1/thumb/v7e-m/fpv4-sp/hard/crtbegin.o
 .init_array    0x08053714        0x4 AudioLoop/User/main.o
                0x08053718                PROVIDE (__init_array_end, .)

.fini_array     0x08053718        0x4
                [!provide]                PROVIDE (__fini_array_start, .)
 *(SORT(.fini_array.*))
 *(.fini_array*)
 .fini_array    0x08053718        0x4 c:/ac6/systemworkbench/plugins/fr.ac6.mcu.externaltools.arm-none.win32_1.15.0.201708311556/tools/compiler/bin/../lib/gcc/arm-none-eabi/6.3.1/thumb/v7e-m/fpv4-sp/hard/crtbegin.o
                [!provide]                PROVIDE (__fini_array_end, .)
                0x0805371c                _sidata = LOADADDR (.data)

.data           0x20000000       0xf0 load address 0x0805371c
                0x20000000                . = ALIGN (0x8)
                0x20000000                _sdata = .
 *(.data)
 .data          0x20000000       0x70 AudioLoop/User/main.o
                0x20000000                output_class
                0x20000060                recording_win
                0x20000064                averaging_window_len
                0x20000068                detection_threshold
 .data          0x20000070        0xc Drivers/BSP/SensorTile/SensorTile_audio_in.o
                0x20000070                AWD_HT
                0x20000078                dma_counter_Limit
 .data          0x2000007c        0x4 Drivers/CMSIS/system_stm32l4xx.o
                0x2000007c                SystemCoreClock
 *(.data*)
 .data._ZN10__cxxabiv119__terminate_handlerE
                0x20000080        0x4 c:/ac6/systemworkbench/plugins/fr.ac6.mcu.externaltools.arm-none.win32_1.15.0.201708311556/tools/compiler/bin/../lib/gcc/arm-none-eabi/6.3.1/../../../../arm-none-eabi/lib/thumb/v7e-m/fpv4-sp/hard\libstdc++_nano.a(eh_term_handler.o)
                0x20000080                __cxxabiv1::__terminate_handler
 .data.__fdlib_version
                0x20000084        0x1 c:/ac6/systemworkbench/plugins/fr.ac6.mcu.externaltools.arm-none.win32_1.15.0.201708311556/tools/compiler/bin/../lib/gcc/arm-none-eabi/6.3.1/../../../../arm-none-eabi/lib/thumb/v7e-m/fpv4-sp/hard\libm.a(lib_a-s_lib_ver.o)
                0x20000084                __fdlib_version
 *fill*         0x20000085        0x3 
 .data._impure_ptr